 umich_2d_walking_sfun

 Timestamp is 51b729ea (Tue Jun 11 09:45:14 2013)

 Preferred load address is 0000000180000000

 Start         Length     Name                   Class
 0001:00000000 0008bad4H .text                   CODE
 0001:0008bae0 00000092H .text$x                 CODE
 0002:00000000 000004e0H .idata$5                DATA
 0002:000004e0 00000008H .CRT$XCA                DATA
 0002:000004e8 00000008H .CRT$XCZ                DATA
 0002:000004f0 00000008H .CRT$XIA                DATA
 0002:000004f8 00000008H .CRT$XIAA               DATA
 0002:00000500 00000008H .CRT$XIZ                DATA
 0002:00000510 00004e8cH .rdata                  DATA
 0002:000053a0 00000008H .rtc$IAA                DATA
 0002:000053a8 00000008H .rtc$IZZ                DATA
 0002:000053b0 00000008H .rtc$TAA                DATA
 0002:000053b8 00000008H .rtc$TZZ                DATA
 0002:000053c0 0000465cH .xdata                  DATA
 0002:00009a1c 000000b4H .idata$2                DATA
 0002:00009ad0 00000014H .idata$3                DATA
 0002:00009ae8 000004e0H .idata$4                DATA
 0002:00009fc8 00000b56H .idata$6                DATA
 0002:0000ab20 0000005bH .edata                  DATA
 0003:00000000 0001264cH .data                   DATA
 0003:00012660 000027b8H .bss                    DATA
 0004:00000000 000036e4H .pdata                  DATA

  Address         Publics by Value              Rva+Base               Lib:Object

 0000:00000000       ___safe_se_handler_table   0000000000000000     <absolute>
 0000:00000000       ___safe_se_handler_count   0000000000000000     <absolute>
 0000:00000000       __ImageBase                0000000180000000     <linker-defined>
 0001:00000000       sf_c2_umich_2d_walking_get_eml_resolved_functions_info 0000000180001000 f   c2_umich_2d_walking.obj
 0001:00008e00       sf_c2_umich_2d_walking_get_check_sum 0000000180009e00 f   c2_umich_2d_walking.obj
 0001:00008e80       sf_c2_umich_2d_walking_get_autoinheritance_info 0000000180009e80 f   c2_umich_2d_walking.obj
 0001:0000b7e0       sf_internal_get_sim_state_c2_umich_2d_walking 000000018000c7e0 f   c2_umich_2d_walking.obj
 0001:0000c200       sf_internal_set_sim_state_c2_umich_2d_walking 000000018000d200 f   c2_umich_2d_walking.obj
 0001:0000ce20       sf_c2_umich_2d_walking_get_testpoint_info 000000018000de20 f   c2_umich_2d_walking.obj
 0001:0000ce30       c2_umich_2d_walking_method_dispatcher 000000018000de30 f   c2_umich_2d_walking.obj
 0001:0004d450       sf_c8_umich_2d_walking_get_eml_resolved_functions_info 000000018004e450 f   c8_umich_2d_walking.obj
 0001:0004d4d0       sf_c8_umich_2d_walking_get_check_sum 000000018004e4d0 f   c8_umich_2d_walking.obj
 0001:0004d550       sf_c8_umich_2d_walking_get_autoinheritance_info 000000018004e550 f   c8_umich_2d_walking.obj
 0001:000501d0       sf_internal_get_sim_state_c8_umich_2d_walking 00000001800511d0 f   c8_umich_2d_walking.obj
 0001:00051d00       sf_internal_set_sim_state_c8_umich_2d_walking 0000000180052d00 f   c8_umich_2d_walking.obj
 0001:00052c10       sf_c8_umich_2d_walking_get_testpoint_info 0000000180053c10 f   c8_umich_2d_walking.obj
 0001:00052c20       c8_umich_2d_walking_method_dispatcher 0000000180053c20 f   c8_umich_2d_walking.obj
 0001:00059200       sf_process_check_sum_call  000000018005a200 f   umich_2d_walking_sfun_registry.obj
 0001:00059250       sf_process_testpoint_info_call 000000018005a250 f   umich_2d_walking_sfun_registry.obj
 0001:000592a0       sf_process_autoinheritance_call 000000018005a2a0 f   umich_2d_walking_sfun_registry.obj
 0001:00059440       sf_process_get_eml_resolved_functions_info_call 000000018005a440 f   umich_2d_walking_sfun_registry.obj
 0001:000595c0       sf_mex_unlock_call         000000018005a5c0 f   umich_2d_walking_sfun_registry.obj
 0001:00059670       sf_machine_global_initializer_called 000000018005a670 f   umich_2d_walking_sfun_registry.obj
 0001:000596a0       sf_machine_global_method_dispatcher 000000018005a6a0 f   umich_2d_walking_sfun_registry.obj
 0001:00059700       sf_machine_global_terminator 000000018005a700 f   umich_2d_walking_sfun_registry.obj
 0001:00059740       sf_register_machine_exported_symbols 000000018005a740 f   umich_2d_walking_sfun_registry.obj
 0001:00059760       callCustomFcn              000000018005a760 f   umich_2d_walking_sfun_registry.obj
 0001:00059770       sf_machine_global_initializer 000000018005a770 f   umich_2d_walking_sfun_registry.obj
 0001:000597e0       _ssSetStateAbsTol          000000018005a7e0 f   umich_2d_walking_sfun_registry.obj
 0001:000598c0       _ssGetAbsTol               000000018005a8c0 f   umich_2d_walking_sfun_registry.obj
 0001:00059930       _ssSetInputPortMatrixDimensions 000000018005a930 f   umich_2d_walking_sfun_registry.obj
 0001:00059a40       _ssSetOutputPortMatrixDimensions 000000018005aa40 f   umich_2d_walking_sfun_registry.obj
 0001:00059b50       _ssSetInputPortVectorDimension 000000018005ab50 f   umich_2d_walking_sfun_registry.obj
 0001:00059c20       _ssSetOutputPortVectorDimension 000000018005ac20 f   umich_2d_walking_sfun_registry.obj
 0001:00059cf0       ssIsRunTimeParamTunable    000000018005acf0 f   umich_2d_walking_sfun_registry.obj
 0001:00059d60       ssGetSFuncBlockHandle      000000018005ad60 f   umich_2d_walking_sfun_registry.obj
 0001:00059dd0       _ssGetCurrentInputPortWidth 000000018005add0 f   umich_2d_walking_sfun_registry.obj
 0001:00059ef0       _ssGetCurrentOutputPortWidth 000000018005aef0 f   umich_2d_walking_sfun_registry.obj
 0001:0005a010       _ssGetCallSystemNumFcnCallDestinations 000000018005b010 f   umich_2d_walking_sfun_registry.obj
 0001:0005a080       ssWarning                  000000018005b080 f   umich_2d_walking_sfun_registry.obj
 0001:0005a190       ssGetIsZeroCrossControlDisabled 000000018005b190 f   umich_2d_walking_sfun_registry.obj
 0001:0005a200       ssSetIsInputPortUsedForContZcSignal 000000018005b200 f   umich_2d_walking_sfun_registry.obj
 0001:0005a270       ssSetZcSignalIsZcElementDisc 000000018005b270 f   umich_2d_walking_sfun_registry.obj
 0001:0005a320       ssSetZcSignalName          000000018005b320 f   umich_2d_walking_sfun_registry.obj
 0001:0005a390       ssSetZcSignalWidth         000000018005b390 f   umich_2d_walking_sfun_registry.obj
 0001:0005a400       ssSetZcSignalZcEventType   000000018005b400 f   umich_2d_walking_sfun_registry.obj
 0001:0005a470       ssSetZcSignalType          000000018005b470 f   umich_2d_walking_sfun_registry.obj
 0001:0005a4e0       ssSetZcSignalZcTol         000000018005b4e0 f   umich_2d_walking_sfun_registry.obj
 0001:0005a550       ssSetZcSignalNeedsEventNotification 000000018005b550 f   umich_2d_walking_sfun_registry.obj
 0001:0005a5c0       ssCreateAndAddZcSignalInfo 000000018005b5c0 f   umich_2d_walking_sfun_registry.obj
 0001:0005a630       ssCloneAndAddZcSignalInfo  000000018005b630 f   umich_2d_walking_sfun_registry.obj
 0001:0005a6a0       ssGetNumZcSignals          000000018005b6a0 f   umich_2d_walking_sfun_registry.obj
 0001:0005a710       ssGetZcSignalVector        000000018005b710 f   umich_2d_walking_sfun_registry.obj
 0001:0005a780       ssGetZcSignalZcEvents      000000018005b780 f   umich_2d_walking_sfun_registry.obj
 0001:0005a7f0       ssGetZcSignalName          000000018005b7f0 f   umich_2d_walking_sfun_registry.obj
 0001:0005a860       ssGetZcSignalWidth         000000018005b860 f   umich_2d_walking_sfun_registry.obj
 0001:0005a8d0       ssGetZcSignalZcEventType   000000018005b8d0 f   umich_2d_walking_sfun_registry.obj
 0001:0005a940       ssGetZcSignalType          000000018005b940 f   umich_2d_walking_sfun_registry.obj
 0001:0005a9b0       ssGetZcSignalZcTol         000000018005b9b0 f   umich_2d_walking_sfun_registry.obj
 0001:0005aa30       ssGetZcSignalNeedsEventNotification 000000018005ba30 f   umich_2d_walking_sfun_registry.obj
 0001:0005aaa0       ssGetZcSignalIsZcElementDisc 000000018005baa0 f   umich_2d_walking_sfun_registry.obj
 0001:0005ab40       ssGetIsInputPortElementContinuous 000000018005bb40 f   umich_2d_walking_sfun_registry.obj
 0001:0005abe0       _ssGetInputPortSignalPtrsFcn 000000018005bbe0 f   umich_2d_walking_sfun_registry.obj
 0001:0005aea0       _ssGetInputPortSignalFcn   000000018005bea0 f   umich_2d_walking_sfun_registry.obj
 0001:0005b0c0       _ssSetInputPortDirectFeedThroughFcn 000000018005c0c0 f   umich_2d_walking_sfun_registry.obj
 0001:0005b220       _ssSetInputPortReusableFcn 000000018005c220 f   umich_2d_walking_sfun_registry.obj
 0001:0005b310       _ssSetOutputPortReusableFcn 000000018005c310 f   umich_2d_walking_sfun_registry.obj
 0001:0005b3f0       ssGetDTypeIdFromMxArray    000000018005c3f0 f   umich_2d_walking_sfun_registry.obj
 0001:0005b510       ssWriteRTWStr              000000018005c510 f   umich_2d_walking_sfun_registry.obj
 0001:0005b570       ssWriteRTWMxVectParam      000000018005c570 f   umich_2d_walking_sfun_registry.obj
 0001:0005b5d0       ssWriteRTWMx2dMatParam     000000018005c5d0 f   umich_2d_walking_sfun_registry.obj
 0001:0005b650       ssWriteRTWNameValuePair    000000018005c650 f   umich_2d_walking_sfun_registry.obj
 0001:0005bb40       ssWriteRTWParameters       000000018005cb40 f   umich_2d_walking_sfun_registry.obj
 0001:0005c140       ssWriteRTWParamSettings    000000018005d140 f   umich_2d_walking_sfun_registry.obj
 0001:0005c810       ssWriteRTWWorkVect         000000018005d810 f   umich_2d_walking_sfun_registry.obj
 0001:0005cd10       mexFunction                000000018005dd10 f   umich_2d_walking_sfun_registry.obj
 0001:0005e9f0       ProcessMexSfunctionEveryCall 000000018005f9f0 f   umich_2d_walking_sfun_registry.obj
 0001:0005eb60       umich_2d_walking_initializer 000000018005fb60 f   umich_2d_walking_sfun.obj
 0001:0005eb70       umich_2d_walking_terminator 000000018005fb70 f   umich_2d_walking_sfun.obj
 0001:0005eb80       sf_umich_2d_walking_method_dispatcher 000000018005fb80 f   umich_2d_walking_sfun.obj
 0001:0005ebf0       sf_umich_2d_walking_process_testpoint_info_call 000000018005fbf0 f   umich_2d_walking_sfun.obj
 0001:0005ed90       sf_umich_2d_walking_process_check_sum_call 000000018005fd90 f   umich_2d_walking_sfun.obj
 0001:0005f1b0       sf_umich_2d_walking_autoinheritance_info 00000001800601b0 f   umich_2d_walking_sfun.obj
 0001:0005f370       sf_umich_2d_walking_get_eml_resolved_functions_info 0000000180060370 f   umich_2d_walking_sfun.obj
 0001:0005f4e0       umich_2d_walking_debug_initialize 00000001800604e0 f   umich_2d_walking_sfun.obj
 0001:0005f550       umich_2d_walking_register_exported_symbols 0000000180060550 f   umich_2d_walking_sfun.obj
 0001:0005f560       load_umich_2d_walking_optimization_info 0000000180060560 f   umich_2d_walking_sfun.obj
 0001:0005f5b0       unload_umich_2d_walking_optimization_info 00000001800605b0 f   umich_2d_walking_sfun.obj
 0001:0005f6d0       sf_mex_mx_is_numeric       00000001800606d0 f   sfc_mex:sfc_mex.obj
 0001:0005f710       strcmp_ignore_ws           0000000180060710 f   sfc_mex:sfc_mex.obj
 0001:0005f850       sf_mex_duplicatearraysafe  0000000180060850 f   sfc_mex:sfc_mex.obj
 0001:0005f9b0       sf_set_error_debugger_context_message_fcn 00000001800609b0 f   sfc_mex:sfc_mex.obj
 0001:0005f9c0       sf_set_debugger_matlab_error_fcn 00000001800609c0 f   sfc_mex:sfc_mex.obj
 0001:0005f9f0       sf_set_error_prefix_string 00000001800609f0 f   sfc_mex:sfc_mex.obj
 0001:0005fa20       sf_get_error_prefix_string 0000000180060a20 f   sfc_mex:sfc_mex.obj
 0001:0005fa30       sf_mex_enter_parallel_region 0000000180060a30 f   sfc_mex:sfc_mex.obj
 0001:0005fa40       sf_mex_exit_parallel_region 0000000180060a40 f   sfc_mex:sfc_mex.obj
 0001:0005fa50       sf_get_current_jmp_buf_ptr 0000000180060a50 f   sfc_mex:sfc_mex.obj
 0001:0005fa60       sf_set_current_jmp_buf_ptr 0000000180060a60 f   sfc_mex:sfc_mex.obj
 0001:0005fa70       sf_mex_set_halt_simulation 0000000180060a70 f   sfc_mex:sfc_mex.obj
 0001:0005fa80       sf_mex_get_halt_simulation 0000000180060a80 f   sfc_mex:sfc_mex.obj
 0001:0005fa90       sf_mex_clear_error_message 0000000180060a90 f   sfc_mex:sfc_mex.obj
 0001:0005fab0       sf_mex_get_error_message_for_read 0000000180060ab0 f   sfc_mex:sfc_mex.obj
 0001:0005fac0       sf_mex_get_error_message_buffer_length 0000000180060ac0 f   sfc_mex:sfc_mex.obj
 0001:0005fba0       sf_mex_warning_message     0000000180060ba0 f   sfc_mex:sfc_mex.obj
 0001:0005fc10       sf_mex_v_errbuf_createf    0000000180060c10 f   sfc_mex:sfc_mex.obj
 0001:0005fc20       sf_mex_errbuf_createf      0000000180060c20 f   sfc_mex:sfc_mex.obj
 0001:0005fc50       sf_mex_v_errbuf_catf       0000000180060c50 f   sfc_mex:sfc_mex.obj
 0001:0005fc90       sf_mex_errbuf_catf         0000000180060c90 f   sfc_mex:sfc_mex.obj
 0001:0005fce0       sf_mex_errbuf_copy         0000000180060ce0 f   sfc_mex:sfc_mex.obj
 0001:0005fcf0       sf_mex_errbuf_clear        0000000180060cf0 f   sfc_mex:sfc_mex.obj
 0001:0005fd00       sf_mex_errbuf_isempty      0000000180060d00 f   sfc_mex:sfc_mex.obj
 0001:0005fe10       sf_mex_set_error_status    0000000180060e10 f   sfc_mex:sfc_mex.obj
 0001:0005fe60       sf_mex_error_direct_call   0000000180060e60 f   sfc_mex:sfc_mex.obj
 0001:0005fe80       sf_mex_error_message_no_long_jump 0000000180060e80 f   sfc_mex:sfc_mex.obj
 0001:0005fea0       sf_mex_long_jump_on_error  0000000180060ea0 f   sfc_mex:sfc_mex.obj
 0001:0005fed0       sf_mex_call_matlab         0000000180060ed0 f   sfc_mex:sfc_mex.obj
 0001:0005fff0       sf_mex_check_builtin       0000000180060ff0 f   sfc_mex:sfc_mex.obj
 0001:00060090       sf_mex_check_builtin_vs    0000000180061090 f   sfc_mex:sfc_mex.obj
 0001:00060150       sf_mex_check_enum          0000000180061150 f   sfc_mex:sfc_mex.obj
 0001:000601d0       sf_mex_create_enum         00000001800611d0 f   sfc_mex:sfc_mex.obj
 0001:00060240       sf_mex_get_enum_element    0000000180061240 f   sfc_mex:sfc_mex.obj
 0001:00060250       sf_mex_createcellarray     0000000180061250 f   sfc_mex:sfc_mex.obj
 0001:00060260       sf_mex_setcell             0000000180061260 f   sfc_mex:sfc_mex.obj
 0001:00060270       sf_mex_getcell             0000000180061270 f   sfc_mex:sfc_mex.obj
 0001:00060280       sf_mex_dup                 0000000180061280 f   sfc_mex:sfc_mex.obj
 0001:000602a0       sf_mex_assign              00000001800612a0 f   sfc_mex:sfc_mex.obj
 0001:00060320       sf_mex_destroy             0000000180061320 f   sfc_mex:sfc_mex.obj
 0001:00060350       mx_array_has_fi_type       0000000180061350 f   sfc_mex:sfc_mex.obj
 0001:00060380       sf_mex_convert_from_fi     0000000180061380 f   sfc_mex:sfc_mex.obj
 0001:000604b0       sf_mex_convert_to_double   00000001800614b0 f   sfc_mex:sfc_mex.obj
 0001:000605d0       sf_mex_import_fi_vs        00000001800615d0 f   sfc_mex:sfc_mex.obj
 0001:00060790       sf_matrix_matrix_index_ok  0000000180061790 f   sfc_mex:sfc_mex.obj
 0001:00060820       sf_vector_vector_index_ok  0000000180061820 f   sfc_mex:sfc_mex.obj
 0001:00060850       ssGetCurrentInputPortDimensions_wrapper 0000000180061850 f   sfc_mex:sfc_mex.obj
 0001:00060870       ssGetCurrentOutputPortDimensions_wrapper 0000000180061870 f   sfc_mex:sfc_mex.obj
 0001:00060890       sf_mex_emlrt_context_is_debug_mode 0000000180061890 f   sfc_mex:sfc_mex.obj
 0001:000608a0       sf_mex_emlrt_context_set_debug_mode 00000001800618a0 f   sfc_mex:sfc_mex.obj
 0001:000608b0       sf_mex_emlrtNameCapturePostProcessR2012a 00000001800618b0 f   sfc_mex:sfc_mex.obj
 0001:00060920       sf_clear_error_manager_info 0000000180061920 f   sfc_mex:sfc_mex.obj
 0001:00060980       sf_mex_stop_simulation_abruptly_wo_error 0000000180061980 f   sfc_mex:sfc_mex.obj
 0001:000609c0       sf_mex_error_message       00000001800619c0 f   sfc_mex:sfc_mex.obj
 0001:00060a20       sf_react_to_error_in_matlab_call 0000000180061a20 f   sfc_mex:sfc_mex.obj
 0001:00060a50       sf_mex_addfield            0000000180061a50 f   sfc_mex:sfc_mex.obj
 0001:00060af0       sf_mex_getfield            0000000180061af0 f   sfc_mex:sfc_mex.obj
 0001:00060df0       sf_mex_check_class         0000000180061df0 f   sfc_mex:sfc_mex.obj
 0001:00060e90       sf_mex_is_real             0000000180061e90 f   sfc_mex:sfc_mex.obj
 0001:00061300       sf_mex_decode_encoded_mx_struct_array 0000000180062300 f   sfc_mex:sfc_mex.obj
 0001:000615e0       sf_mex_lw_bounds_check     00000001800625e0 f   sfc_mex:sfc_mex.obj
 0001:00061610       sf_mex_lw_size_eq_check_1d 0000000180062610 f   sfc_mex:sfc_mex.obj
 0001:00061630       sf_mex_lw_size_eq_check_nd 0000000180062630 f   sfc_mex:sfc_mex.obj
 0001:00061810       sf_mex_lw_dim_size_eq_check 0000000180062810 f   sfc_mex:sfc_mex.obj
 0001:00061840       sf_mex_lw_dim_size_geq_check 0000000180062840 f   sfc_mex:sfc_mex.obj
 0001:00061870       sf_mex_lw_sub_assign_size_check_nd 0000000180062870 f   sfc_mex:sfc_mex.obj
 0001:00061aa0       sf_mex_lw_runtime_error_msgid 0000000180062aa0 f   sfc_mex:sfc_mex.obj
 0001:00061b90       sf_mex_lw_matrix_matrix_index_check 0000000180062b90 f   sfc_mex:sfc_mex.obj
 0001:00061bb0       sf_mex_lw_vector_vector_index_check 0000000180062bb0 f   sfc_mex:sfc_mex.obj
 0001:00061bf0       sf_mex_lw_for_loop_vector_check 0000000180062bf0 f   sfc_mex:sfc_mex.obj
 0001:00061c80       sf_mex_lw_non_negative_check 0000000180062c80 f   sfc_mex:sfc_mex.obj
 0001:00061cc0       sf_mex_overflow_error      0000000180062cc0 f   sfc_mex:sfc_mex.obj
 0001:00061cd0       sf_mex_dividebyzero_error  0000000180062cd0 f   sfc_mex:sfc_mex.obj
 0001:00061ce0       sf_mex_unsafe_enum_error   0000000180062ce0 f   sfc_mex:sfc_mex.obj
 0001:00061cf0       sf_emlrtErrHandler         0000000180062cf0 f   sfc_mex:sfc_mex.obj
 0001:00061dd0       sf_mex_size_one_check      0000000180062dd0 f   sfc_mex:sfc_mex.obj
 0001:00061df0       sf_mex_printf              0000000180062df0 f   sfc_mex:sfc_mex.obj
 0001:00061fc0       sf_mex_check_size          0000000180062fc0 f   sfc_mex:sfc_mex.obj
 0001:00062290       sf_mex_check_struct        0000000180063290 f   sfc_mex:sfc_mex.obj
 0001:000624f0       sf_mex_check_struct_vs     00000001800634f0 f   sfc_mex:sfc_mex.obj
 0001:00062580       sf_mex_check_fi            0000000180063580 f   sfc_mex:sfc_mex.obj
 0001:00062680       sf_mex_check_fi_vs         0000000180063680 f   sfc_mex:sfc_mex.obj
 0001:00062720       sf_echo_expression         0000000180063720 f   sfc_mex:sfc_mex.obj
 0001:00062780       sf_assertion_failed        0000000180063780 f   sfc_mex:sfc_mex.obj
 0001:00062a60       sf_mex_evalin              0000000180063a60 f   sfc_mex:sfc_mex.obj
 0001:00062cd0       sf_mex_export              0000000180063cd0 f   sfc_mex:sfc_mex.obj
 0001:00062d90       sf_mex_get_ml_var_no_error 0000000180063d90 f   sfc_mex:sfc_mex.obj
 0001:00062f30       sf_mex_get_ml_var          0000000180063f30 f   sfc_mex:sfc_mex.obj
 0001:000633d0       ml_set_element_value_in_array 00000001800643d0 f   sfc_mex:sfc_mex.obj
 0001:00064aa0       sf_mex_call_impl           0000000180065aa0 f   sfc_mex:sfc_mex.obj
 0001:00064fd0       sf_mex_call_debug          0000000180065fd0 f   sfc_mex:sfc_mex.obj
 0001:00065000       sf_mex_call                0000000180066000 f   sfc_mex:sfc_mex.obj
 0001:00065650       sf_mex_createstruct        0000000180066650 f   sfc_mex:sfc_mex.obj
 0001:00065740       sf_mex_createstructarray   0000000180066740 f   sfc_mex:sfc_mex.obj
 0001:000657c0       sf_mex_get_mx_datatype_from_sf_datatype 00000001800667c0 f   sfc_mex:sfc_mex.obj
 0001:00065ad0       sf_mex_ml_var_sub          0000000180066ad0 f   sfc_mex:sfc_mex.obj
 0001:00065ca0       sf_mex_ml_var_subsasgn     0000000180066ca0 f   sfc_mex:sfc_mex.obj
 0001:00066090       sf_mex_sub                 0000000180067090 f   sfc_mex:sfc_mex.obj
 0001:00066290       sf_mex_subsasgn            0000000180067290 f   sfc_mex:sfc_mex.obj
 0001:00066770       sf_mex_create              0000000180067770 f   sfc_mex:sfc_mex.obj
 0001:000671c0       sf_mex_import_named        00000001800681c0 f   sfc_mex:sfc_mex.obj
 0001:00067220       sf_mex_import              0000000180068220 f   sfc_mex:sfc_mex.obj
 0001:00067270       sf_mex_import_vs           0000000180068270 f   sfc_mex:sfc_mex.obj
 0001:00067380       sf_mex_lower_fixpt_mx_array 0000000180068380 f   sfc_mex:sfc_mex.obj
 0001:00067670       sf_send_message_wrapper    0000000180068670 f   sfc_mex:sfc_sf.obj
 0001:000676a0       sf_receive_message_wrapper 00000001800686a0 f   sfc_mex:sfc_sf.obj
 0001:000676e0       sf_check_out_message_wrapper 00000001800686e0 f   sfc_mex:sfc_sf.obj
 0001:00067720       sf_check_in_message_wrapper 0000000180068720 f   sfc_mex:sfc_sf.obj
 0001:00067760       sf_no_message_wrapper      0000000180068760 f   sfc_mex:sfc_sf.obj
 0001:00067af0       sim_mode_is_rtw_gen        0000000180068af0 f   sfc_mex:sfc_sf.obj
 0001:00067b20       sim_mode_is_external       0000000180068b20 f   sfc_mex:sfc_sf.obj
 0001:00067b30       sim_mode_is_modelref_sim   0000000180068b30 f   sfc_mex:sfc_sf.obj
 0001:00067b50       mdlInitializeSizes         0000000180068b50 f   sfc_mex:sfc_sf.obj
 0001:00067b70       mdlInitializeSampleTimes   0000000180068b70 f   sfc_mex:sfc_sf.obj
 0001:00067bb0       mdlZeroCrossings           0000000180068bb0 f   sfc_mex:sfc_sf.obj
 0001:00067c90       mdlDerivatives             0000000180068c90 f   sfc_mex:sfc_sf.obj
 0001:00067d40       mdl_initialize_conditions_processing 0000000180068d40 f   sfc_mex:sfc_sf.obj
 0001:00067d70       mdlInitializeConditions    0000000180068d70 f   sfc_mex:sfc_sf.obj
 0001:00067e30       mdlGetSimState             0000000180068e30 f   sfc_mex:sfc_sf.obj
 0001:00067e40       mdlSetSimState             0000000180068e40 f   sfc_mex:sfc_sf.obj
 0001:00067e50       mdl_ext_mode_exec_processing 0000000180068e50 f   sfc_mex:sfc_sf.obj
 0001:00067e70       mdlExtModeExec             0000000180068e70 f   sfc_mex:sfc_sf.obj
 0001:00068000       mdlTerminate               0000000180069000 f   sfc_mex:sfc_sf.obj
 0001:00068070       mdlRTW                     0000000180069070 f   sfc_mex:sfc_sf.obj
 0001:000680a0       mdlSetWorkWidths           00000001800690a0 f   sfc_mex:sfc_sf.obj
 0001:000680b0       mdlProcessParameters       00000001800690b0 f   sfc_mex:sfc_sf.obj
 0001:000680c0       mdl_start_processing       00000001800690c0 f   sfc_mex:sfc_sf.obj
 0001:00068120       mdlStart                   0000000180069120 f   sfc_mex:sfc_sf.obj
 0001:00068230       mdlEnable                  0000000180069230 f   sfc_mex:sfc_sf.obj
 0001:00068300       mdlDisable                 0000000180069300 f   sfc_mex:sfc_sf.obj
 0001:000683b0       sf_get_chart_instance_ptr  00000001800693b0 f   sfc_mex:sfc_sf.obj
 0001:000683d0       sf_load_rtw_optimization_info 00000001800693d0 f   sfc_mex:sfc_sf.obj
 0001:000684a0       sf_rtw_info_uint_prop      00000001800694a0 f   sfc_mex:sfc_sf.obj
 0001:000685e0       sf_is_chart_inlinable      00000001800695e0 f   sfc_mex:sfc_sf.obj
 0001:00068600       sf_mark_output_events_with_multiple_callers 0000000180069600 f   sfc_mex:sfc_sf.obj
 0001:00068790       sf_mark_chart_reusable_outputs 0000000180069790 f   sfc_mex:sfc_sf.obj
 0001:000689f0       sf_mark_chart_expressionable_inputs 00000001800699f0 f   sfc_mex:sfc_sf.obj
 0001:00068c50       sf_get_subchart_simstruct  0000000180069c50 f   sfc_mex:sfc_sf.obj
 0001:00068ca0       sf_get_fixpt_data_type_id  0000000180069ca0 f   sfc_mex:sfc_sf.obj
 0001:00068ce0       sf_get_enum_data_type_id   0000000180069ce0 f   sfc_mex:sfc_sf.obj
 0001:00068d20       sf_get_param_data_type_id  0000000180069d20 f   sfc_mex:sfc_sf.obj
 0001:00068d50       sf_mex_listen_for_ctrl_c_force 0000000180069d50 f   sfc_mex:sfc_sf.obj
 0001:00068e60       sf_mex_draw_now            0000000180069e60 f   sfc_mex:sfc_sf.obj
 0001:00068ea0       sf_mex_set_debugger_sim_status_listener_fcn 0000000180069ea0 f   sfc_mex:sfc_sf.obj
 0001:00068eb0       sf_mex_listen_for_ctrl_c   0000000180069eb0 f   sfc_mex:sfc_sf.obj
 0001:00068f40       sf_mex_get_sfun_param      0000000180069f40 f   sfc_mex:sfc_sf.obj
 0001:00068f90       sf_get_runtime_param_data  0000000180069f90 f   sfc_mex:sfc_sf.obj
 0001:00068fd0       sf_call_output_fcn_call    0000000180069fd0 f   sfc_mex:sfc_sf.obj
 0001:00069110       sf_call_output_fcn_enable  000000018006a110 f   sfc_mex:sfc_sf.obj
 0001:000691a0       sf_call_output_fcn_disable 000000018006a1a0 f   sfc_mex:sfc_sf.obj
 0001:00069230       sf_clear_rtw_identifier    000000018006a230 f   sfc_mex:sfc_sf.obj
 0001:00069a20       sf_set_encoded_dwork_info  000000018006aa20 f   sfc_mex:sfc_sf.obj
 0001:00069a70       sf_get_dwork_info_from_mat_file 000000018006aa70 f   sfc_mex:sfc_sf.obj
 0001:00069c30       sf_set_rtw_dwork_info      000000018006ac30 f   sfc_mex:sfc_sf.obj
 0001:00069da0       mdlOutputs                 000000018006ada0 f   sfc_mex:sfc_sf.obj
 0001:00069f40       sf_debug_disp              000000018006af40 f   sfc_debug:sfcdebug.obj
 0001:0006a1a0       sf_debug_data_runtime_size_mismatch_error_check 000000018006b1a0 f   sfc_debug:sfcdebug.obj
 0001:0006a240       sf_debug_try_loading_machine 000000018006b240 f   sfc_debug:sfcdebug.obj
 0001:0006a340       sf_debug_reset_current_state_configuration 000000018006b340 f   sfc_debug:sfcdebug.obj
 0001:0006a3d0       sf_debug_store_current_state_configuration 000000018006b3d0 f   sfc_debug:sfcdebug.obj
 0001:0006a460       sf_debug_restore_previous_state_configuration 000000018006b460 f   sfc_debug:sfcdebug.obj
 0001:0006a4f0       sf_debug_restore_previous_state_configuration2 000000018006b4f0 f   sfc_debug:sfcdebug.obj
 0001:0006a580       sf_debug_get_event_scope   000000018006b580 f   sfc_debug:sfcdebug.obj
 0001:0006a6f0       use_debugger_step_animation 000000018006b6f0 f   sfc_debug:sfcdebug.obj
 0001:0006a710       sf_debug_get_script_id     000000018006b710 f   sfc_debug:sfcdebug.obj
 0001:0006a7a0       sf_debug_set_script_translation 000000018006b7a0 f   sfc_debug:sfcdebug.obj
 0001:0006a920       sf_debug_extract_message_post_receive_info 000000018006b920 f   sfc_debug:sfcdebug.obj
 0001:0006aa20       sf_debug_get_current_machine_id 000000018006ba20 f   sfc_debug:sfcdebug.obj
 0001:0006aa40       sf_debug_get_current_optional_integer 000000018006ba40 f   sfc_debug:sfcdebug.obj
 0001:0006aa50       sf_debug_get_current_machine_number 000000018006ba50 f   sfc_debug:sfcdebug.obj
 0001:0006aa70       sf_debug_get_current_machine_name 000000018006ba70 f   sfc_debug:sfcdebug.obj
 0001:0006aa90       sf_debug_get_current_chart_id 000000018006ba90 f   sfc_debug:sfcdebug.obj
 0001:0006aae0       sf_debug_get_current_chart_number 000000018006bae0 f   sfc_debug:sfcdebug.obj
 0001:0006aaf0       sf_debug_get_current_instance_number 000000018006baf0 f   sfc_debug:sfcdebug.obj
 0001:0006ab00       sf_debug_get_current_is_minor_time_step 000000018006bb00 f   sfc_debug:sfcdebug.obj
 0001:0006ab80       sf_debug_get_current_object_type 000000018006bb80 f   sfc_debug:sfcdebug.obj
 0001:0006ab90       sf_debug_get_current_instance_handle 000000018006bb90 f   sfc_debug:sfcdebug.obj
 0001:0006abf0       sf_debug_get_current_event_type 000000018006bbf0 f   sfc_debug:sfcdebug.obj
 0001:0006ac00       sf_debug_get_current_object_id 000000018006bc00 f   sfc_debug:sfcdebug.obj
 0001:0006ac40       sf_debug_get_current_active_event_type 000000018006bc40 f   sfc_debug:sfcdebug.obj
 0001:0006ac50       sf_debug_get_current_active_event_id 000000018006bc50 f   sfc_debug:sfcdebug.obj
 0001:0006ac90       sf_debug_get_current_tag_type 000000018006bc90 f   sfc_debug:sfcdebug.obj
 0001:0006aca0       sf_debug_get_current_simulation_time 000000018006bca0 f   sfc_debug:sfcdebug.obj
 0001:0006acb0       sf_debug_get_current_coverage_percentage 000000018006bcb0 f   sfc_debug:sfcdebug.obj
 0001:0006acc0       sf_debug_current_statement_context 000000018006bcc0 f   sfc_debug:sfcdebug.obj
 0001:0006ad50       sf_debug_get_current_statement_info 000000018006bd50 f   sfc_debug:sfcdebug.obj
 0001:0006aed0       sf_debug_terminate_instance 000000018006bed0 f   sfc_debug:sfcdebug.obj
 0001:0006b210       sf_debug_assertion_failed  000000018006c210 f   sfc_debug:sfcdebug.obj
 0001:0006b470       sf_debug_set_number_of_data_with_change_event_for_machine 000000018006c470 f   sfc_debug:sfcdebug.obj
 0001:0006b4b0       sf_debug_set_machine_event_thresholds 000000018006c4b0 f   sfc_debug:sfcdebug.obj
 0001:0006b4d0       sf_debug_set_machine_event_scope 000000018006c4d0 f   sfc_debug:sfcdebug.obj
 0001:0006b510       sf_debug_set_machine_data_thresholds 000000018006c510 f   sfc_debug:sfcdebug.obj
 0001:0006b550       sf_debug_set_machine_data_scope 000000018006c550 f   sfc_debug:sfcdebug.obj
 0001:0006b5e0       sf_debug_set_machine_data_name 000000018006c5e0 f   sfc_debug:sfcdebug.obj
 0001:0006b680       sf_debug_set_machine_data_size 000000018006c680 f   sfc_debug:sfcdebug.obj
 0001:0006b7c0       sf_debug_set_machine_data_type 000000018006c7c0 f   sfc_debug:sfcdebug.obj
 0001:0006b930       sf_debug_get_chart_data_number 000000018006c930 f   sfc_debug:sfcdebug.obj
 0001:0006b950       sf_debug_get_chart_event_number 000000018006c950 f   sfc_debug:sfcdebug.obj
 0001:0006b970       sf_debug_set_chart_state_info 000000018006c970 f   sfc_debug:sfcdebug.obj
 0001:0006b9f0       sf_debug_set_chart_decomposition 000000018006c9f0 f   sfc_debug:sfcdebug.obj
 0001:0006ba60       sf_debug_set_chart_substate_count 000000018006ca60 f   sfc_debug:sfcdebug.obj
 0001:0006bb40       sf_debug_set_chart_substate_index 000000018006cb40 f   sfc_debug:sfcdebug.obj
 0001:0006bbb0       sf_debug_set_chart_state_substate_count 000000018006cbb0 f   sfc_debug:sfcdebug.obj
 0001:0006bcc0       sf_debug_set_chart_state_substate_index 000000018006ccc0 f   sfc_debug:sfcdebug.obj
 0001:0006bd40       sf_debug_set_number_of_data_with_change_event_for_chart 000000018006cd40 f   sfc_debug:sfcdebug.obj
 0001:0006bdc0       sf_debug_set_number_of_states_with_entry_event_for_chart 000000018006cdc0 f   sfc_debug:sfcdebug.obj
 0001:0006be30       sf_debug_set_number_of_states_with_exit_event_for_chart 000000018006ce30 f   sfc_debug:sfcdebug.obj
 0001:0006bea0       sf_debug_set_chart_disable_implicit_casting 000000018006cea0 f   sfc_debug:sfcdebug.obj
 0001:0006bf10       sf_debug_set_chart_event_thresholds 000000018006cf10 f   sfc_debug:sfcdebug.obj
 0001:0006bf80       sf_debug_set_chart_data_compiled_props 000000018006cf80 f   sfc_debug:sfcdebug.obj
 0001:0006c2d0       sf_debug_set_chart_data_props 000000018006d2d0 f   sfc_debug:sfcdebug.obj
 0001:0006c5f0       sf_debug_check_fi_license  000000018006d5f0 f   sfc_debug:sfcdebug.obj
 0001:0006c7e0       sf_debug_symbol_scope_push 000000018006d7e0 f   sfc_debug:sfcdebug.obj
 0001:0006c820       sf_debug_symbol_scope_push_eml 000000018006d820 f   sfc_debug:sfcdebug.obj
 0001:0006c870       sf_debug_symbol_scope_pop  000000018006d870 f   sfc_debug:sfcdebug.obj
 0001:0006c8b0       sf_debug_symbol_scope_add_importable 000000018006d8b0 f   sfc_debug:sfcdebug.obj
 0001:0006c930       sf_debug_symbol_scope_add  000000018006d930 f   sfc_debug:sfcdebug.obj
 0001:0006c9b0       sf_debug_symbol_scope_add_dyn_importable 000000018006d9b0 f   sfc_debug:sfcdebug.obj
 0001:0006ca70       sf_debug_symbol_scope_add_dyn 000000018006da70 f   sfc_debug:sfcdebug.obj
 0001:0006caa0       sf_debug_symbol_scope_add_eml_importable 000000018006daa0 f   sfc_debug:sfcdebug.obj
 0001:0006cae0       sf_debug_symbol_scope_add_eml 000000018006dae0 f   sfc_debug:sfcdebug.obj
 0001:0006cb20       sf_debug_symbol_scope_add_eml_dyn_importable 000000018006db20 f   sfc_debug:sfcdebug.obj
 0001:0006cb90       sf_debug_symbol_scope_add_eml_dyn 000000018006db90 f   sfc_debug:sfcdebug.obj
 0001:0006cbf0       sf_debug_symbol_switch     000000018006dbf0 f   sfc_debug:sfcdebug.obj
 0001:0006cc10       sf_debug_symbol_scope_add_verbose 000000018006dc10 f   sfc_debug:sfcdebug.obj
 0001:0006cce0       sf_debug_set_machine_data_value_ptr 000000018006dce0 f   sfc_debug:sfcdebug.obj
 0001:0006cd20       sf_debug_set_instance_data_value_ptr 000000018006dd20 f   sfc_debug:sfcdebug.obj
 0001:0006cde0       sf_debug_unset_instance_data_value_ptr 000000018006dde0 f   sfc_debug:sfcdebug.obj
 0001:0006ce90       sf_debug_set_chart_event_scope 000000018006de90 f   sfc_debug:sfcdebug.obj
 0001:0006cf10       sf_debug_set_chart_transition_coverage_maps 000000018006df10 f   sfc_debug:sfcdebug.obj
 0001:0006d020       sf_debug_set_chart_state_coverage_maps 000000018006e020 f   sfc_debug:sfcdebug.obj
 0001:0006d100       sf_debug_set_instance_transition_coverage_weights 000000018006e100 f   sfc_debug:sfcdebug.obj
 0001:0006d1a0       sf_debug_set_instance_state_coverage_weights 000000018006e1a0 f   sfc_debug:sfcdebug.obj
 0001:0006d3f0       sf_debug_unload_machine    000000018006e3f0 f   sfc_debug:sfcdebug.obj
 0001:0006d440       sf_debug_load_machine      000000018006e440 f   sfc_debug:sfcdebug.obj
 0001:0006d540       sf_debug_set_active_instance_in_data_dictionary 000000018006e540 f   sfc_debug:sfcdebug.obj
 0001:0006d720       sf_debug_set_active_instance 000000018006e720 f   sfc_debug:sfcdebug.obj
 0001:0006d880       sf_debug_chart_visiblity_change 000000018006e880 f   sfc_debug:sfcdebug.obj
 0001:0006d980       sf_debug_select_chart      000000018006e980 f   sfc_debug:sfcdebug.obj
 0001:0006daf0       sf_debug_set_instance_cv_ids 000000018006eaf0 f   sfc_debug:sfcdebug.obj
 0001:0006de00       sf_debug_select_charts     000000018006ee00 f   sfc_debug:sfcdebug.obj
 0001:0006df90       sf_debug_initialized       000000018006ef90 f   sfc_debug:sfcdebug.obj
 0001:0006dfa0       sf_debug_is_uninterruptible 000000018006efa0 f   sfc_debug:sfcdebug.obj
 0001:0006dfd0       sf_debug_initialize_debugger_gui 000000018006efd0 f   sfc_debug:sfcdebug.obj
 0001:0006e3c0       sf_debug_resume            000000018006f3c0 f   sfc_debug:sfcdebug.obj
 0001:0006e3e0       sf_debug_go                000000018006f3e0 f   sfc_debug:sfcdebug.obj
 0001:0006e3f0       sf_debug_break             000000018006f3f0 f   sfc_debug:sfcdebug.obj
 0001:0006e400       sf_debug_step_over         000000018006f400 f   sfc_debug:sfcdebug.obj
 0001:0006e410       sf_debug_step_out          000000018006f410 f   sfc_debug:sfcdebug.obj
 0001:0006e420       sf_debug_set_disable_all_breakpoints 000000018006f420 f   sfc_debug:sfcdebug.obj
 0001:0006e430       sf_debug_disable_all_breakpoints_and_go 000000018006f430 f   sfc_debug:sfcdebug.obj
 0001:0006e440       sf_debug_break_on_chart_entry 000000018006f440 f   sfc_debug:sfcdebug.obj
 0001:0006e450       sf_debug_break_on_event_broadcast 000000018006f450 f   sfc_debug:sfcdebug.obj
 0001:0006e460       sf_debug_break_on_state_entry 000000018006f460 f   sfc_debug:sfcdebug.obj
 0001:0006e470       sf_debug_break_between_times 000000018006f470 f   sfc_debug:sfcdebug.obj
 0001:0006e490       sf_debug_browse_data       000000018006f490 f   sfc_debug:sfcdebug.obj
 0001:0006e4b0       sf_debug_watch_data        000000018006f4b0 f   sfc_debug:sfcdebug.obj
 0001:0006e4d0       sf_debug_assign_data       000000018006f4d0 f   sfc_debug:sfcdebug.obj
 0001:0006e4f0       sf_debug_whos              000000018006f4f0 f   sfc_debug:sfcdebug.obj
 0001:0006e510       sf_debug_get_consistency_info 000000018006f510 f   sfc_debug:sfcdebug.obj
 0001:0006e520       sf_debug_browse_trace      000000018006f520 f   sfc_debug:sfcdebug.obj
 0001:0006e530       sf_debug_set_breakpoints   000000018006f530 f   sfc_debug:sfcdebug.obj
 0001:0006e690       sf_debug_set_eml_breakpoints 000000018006f690 f   sfc_debug:sfcdebug.obj
 0001:0006e7f0       sf_debug_set_script_breakpoints 000000018006f7f0 f   sfc_debug:sfcdebug.obj
 0001:0006e870       sf_debug_add_script_breakpoints 000000018006f870 f   sfc_debug:sfcdebug.obj
 0001:0006e8e0       sf_debug_clear_script_breakpoints 000000018006f8e0 f   sfc_debug:sfcdebug.obj
 0001:0006e950       sf_debug_query_script_breakpoints 000000018006f950 f   sfc_debug:sfcdebug.obj
 0001:0006ea10       sf_debug_get_eml_script_id 000000018006fa10 f   sfc_debug:sfcdebug.obj
 0001:0006ea60       sf_debug_set_watch         000000018006fa60 f   sfc_debug:sfcdebug.obj
 0001:0006ec90       sf_debug_get_instance_handle 000000018006fc90 f   sfc_debug:sfcdebug.obj
 0001:0006ed20       sf_debug_get_active_states 000000018006fd20 f   sfc_debug:sfcdebug.obj
 0001:0006ed30       sf_debug_get_animation     000000018006fd30 f   sfc_debug:sfcdebug.obj
 0001:0006ed40       sf_debug_set_animation     000000018006fd40 f   sfc_debug:sfcdebug.obj
 0001:0006ed50       sf_debug_animate           000000018006fd50 f   sfc_debug:sfcdebug.obj
 0001:0006ed80       sf_debug_cycle_detection_check 000000018006fd80 f   sfc_debug:sfcdebug.obj
 0001:0006ed90       sf_debug_data_range_check  000000018006fd90 f   sfc_debug:sfcdebug.obj
 0001:0006eda0       sf_debug_transition_conflict_check 000000018006fda0 f   sfc_debug:sfcdebug.obj
 0001:0006edb0       sf_debug_state_consistency_check 000000018006fdb0 f   sfc_debug:sfcdebug.obj
 0001:0006edc0       sf_debug_data_range_check_enabled 000000018006fdc0 f   sfc_debug:sfcdebug.obj
 0001:0006ede0       sf_debug_transition_conflict_check_enabled 000000018006fde0 f   sfc_debug:sfcdebug.obj
 0001:0006ee00       sf_debug_transition_conflict_check_begin 000000018006fe00 f   sfc_debug:sfcdebug.obj
 0001:0006ee20       sf_debug_transition_conflict_check_end 000000018006fe20 f   sfc_debug:sfcdebug.obj
 0001:0006ee40       sf_debug_stop_debugging    000000018006fe40 f   sfc_debug:sfcdebug.obj
 0001:0006ee70       sf_debug_is_cycle_detected 000000018006fe70 f   sfc_debug:sfcdebug.obj
 0001:0006ee80       sf_debug_is_array_bounds_detected 000000018006fe80 f   sfc_debug:sfcdebug.obj
 0001:0006ee90       sf_debug_get_state_vectors_data_size 000000018006fe90 f   sfc_debug:sfcdebug.obj
 0001:0006eed0       sf_debug_get_state_vectors_data 000000018006fed0 f   sfc_debug:sfcdebug.obj
 0001:0006efd0       sf_debug_set_state_vectors_data 000000018006ffd0 f   sfc_debug:sfcdebug.obj
 0001:0006f290       sf_debug_get_script_index  0000000180070290 f   sfc_debug:sfcdebug.obj
 0001:0006f420       sf_debug_add_script        0000000180070420 f   sfc_debug:sfcdebug.obj
 0001:0006f5b0       cv_eval_point              00000001800705b0 f   sfc_debug:sfcdebug.obj
 0001:0006f720       cv_eval_testobjective      0000000180070720 f   sfc_debug:sfcdebug.obj
 0001:0006f840       sf_debug_cv_init_state     0000000180070840 f   sfc_debug:sfcdebug.obj
 0001:0006f960       sf_debug_cv_init_chart     0000000180070960 f   sfc_debug:sfcdebug.obj
 0001:0006fa40       sf_debug_cv_init_trans     0000000180070a40 f   sfc_debug:sfcdebug.obj
 0001:0006fb40       sf_debug_cv_init_testobjectives 0000000180070b40 f   sfc_debug:sfcdebug.obj
 0001:0006fd20       cv_eml_init_script         0000000180070d20 f   sfc_debug:sfcdebug.obj
 0001:0006fe30       cv_eml_init_fcn            0000000180070e30 f   sfc_debug:sfcdebug.obj
 0001:0006fee0       cv_eml_init_testobjective  0000000180070ee0 f   sfc_debug:sfcdebug.obj
 0001:0006ffb0       cv_eml_init_saturation     0000000180070fb0 f   sfc_debug:sfcdebug.obj
 0001:00070070       cv_eml_init_if             0000000180071070 f   sfc_debug:sfcdebug.obj
 0001:00070140       cv_eml_init_for            0000000180071140 f   sfc_debug:sfcdebug.obj
 0001:00070200       cv_eml_init_while          0000000180071200 f   sfc_debug:sfcdebug.obj
 0001:000702c0       cv_eml_init_mcdc           00000001800712c0 f   sfc_debug:sfcdebug.obj
 0001:000703d0       cv_eml_init_switch         00000001800713d0 f   sfc_debug:sfcdebug.obj
 0001:000704c0       cv_eml_eval                00000001800714c0 f   sfc_debug:sfcdebug.obj
 0001:000705a0       sf_debug_bm_is_a_eml_breakpoint 00000001800715a0 f   sfc_debug:sfcdebug.obj
 0001:000706f0       sf_debug_temporal_threshold 00000001800716f0 f   sfc_debug:sfcdebug.obj
 0001:00070a50       sf_debug_transition_conflict_error 0000000180071a50 f   sfc_debug:sfcdebug.obj
 0001:00070dd0       sf_debug_state_inconsistency_error 0000000180071dd0 f   sfc_debug:sfcdebug.obj
 0001:00070ef0       sf_debug_check_for_state_inconsistency 0000000180071ef0 f   sfc_debug:sfcdebug.obj
 0001:00070f20       sf_debug_cycle_detecton_error 0000000180071f20 f   sfc_debug:sfcdebug.obj
 0001:000716f0       sf_debug_size_eq_check_1d  00000001800726f0 f   sfc_debug:sfcdebug.obj
 0001:00071710       sf_debug_size_eq_check_nd  0000000180072710 f   sfc_debug:sfcdebug.obj
 0001:000718f0       sf_debug_dim_size_eq_check 00000001800728f0 f   sfc_debug:sfcdebug.obj
 0001:00071920       sf_debug_dim_size_geq_check 0000000180072920 f   sfc_debug:sfcdebug.obj
 0001:00071950       sf_debug_sub_assign_size_check_nd 0000000180072950 f   sfc_debug:sfcdebug.obj
 0001:00071b90       sf_debug_matrix_matrix_index_check 0000000180072b90 f   sfc_debug:sfcdebug.obj
 0001:00071bc0       sf_debug_vector_vector_index_check 0000000180072bc0 f   sfc_debug:sfcdebug.obj
 0001:00071bf0       sf_debug_for_loop_vector_check 0000000180072bf0 f   sfc_debug:sfcdebug.obj
 0001:00071c80       sf_debug_runtime_error_msgid 0000000180072c80 f   sfc_debug:sfcdebug.obj
 0001:00071d10       sf_debug_data_array_bounds_error_check 0000000180072d10 f   sfc_debug:sfcdebug.obj
 0001:00071e20       sf_debug_eml_data_array_bounds_error_check 0000000180072e20 f   sfc_debug:sfcdebug.obj
 0001:00072300       sf_debug_integer_check     0000000180073300 f   sfc_debug:sfcdebug.obj
 0001:000723e0       sf_debug_not_nan_check     00000001800733e0 f   sfc_debug:sfcdebug.obj
 0001:000724a0       sf_debug_non_negative_check 00000001800734a0 f   sfc_debug:sfcdebug.obj
 0001:00072560       sf_debug_overflow_detection 0000000180073560 f   sfc_debug:sfcdebug.obj
 0001:00072c50       sf_debug_cast_to_real32_T  0000000180073c50 f   sfc_debug:sfcdebug.obj
 0001:00072d10       sf_debug_cast_to_int8_T    0000000180073d10 f   sfc_debug:sfcdebug.obj
 0001:00072dd0       sf_debug_cast_to_uint8_T   0000000180073dd0 f   sfc_debug:sfcdebug.obj
 0001:00072e90       sf_debug_cast_to_int16_T   0000000180073e90 f   sfc_debug:sfcdebug.obj
 0001:00072f50       sf_debug_cast_to_uint16_T  0000000180073f50 f   sfc_debug:sfcdebug.obj
 0001:00073010       sf_debug_cast_to_int32_T   0000000180074010 f   sfc_debug:sfcdebug.obj
 0001:000730d0       sf_debug_cast_to_uint32_T  00000001800740d0 f   sfc_debug:sfcdebug.obj
 0001:00073190       sf_debug_data_range_error  0000000180074190 f   sfc_debug:sfcdebug.obj
 0001:000734e0       sf_debug_read_before_write_check 00000001800744e0 f   sfc_debug:sfcdebug.obj
 0001:00073940       sf_debug_data_range_error_wrapper_min_max 0000000180074940 f   sfc_debug:sfcdebug.obj
 0001:00073a30       sf_debug_data_range_error_wrapper_min 0000000180074a30 f   sfc_debug:sfcdebug.obj
 0001:00073b10       sf_debug_data_range_error_wrapper_max 0000000180074b10 f   sfc_debug:sfcdebug.obj
 0001:00073bf0       sf_debug_data_range_wrapper 0000000180074bf0 f   sfc_debug:sfcdebug.obj
 0001:00073ca0       sf_debug_set_current_status_info 0000000180074ca0 f   sfc_debug:sfcdebug.obj
 0001:00074050       sf_debug_register_message_post_receive_info 0000000180075050 f   sfc_debug:sfcdebug.obj
 0001:000742c0       sf_debug_call              00000001800752c0 f   sfc_debug:sfcdebug.obj
 0001:00074f20       sf_debug_initialize_machine 0000000180075f20 f   sfc_debug:sfcdebug.obj
 0001:00075230       sf_debug_initialize_chart  0000000180076230 f   sfc_debug:sfcdebug.obj
 0001:00075680       sf_debug_ensure_script     0000000180076680 f   sfc_debug:sfcdebug.obj
 0001:00075740       cv_script_init_script      0000000180076740 f   sfc_debug:sfcdebug.obj
 0001:00075830       cv_script_init_fcn         0000000180076830 f   sfc_debug:sfcdebug.obj
 0001:000758e0       cv_script_init_testobjective 00000001800768e0 f   sfc_debug:sfcdebug.obj
 0001:00075990       cv_script_init_if          0000000180076990 f   sfc_debug:sfcdebug.obj
 0001:00075a40       cv_script_init_for         0000000180076a40 f   sfc_debug:sfcdebug.obj
 0001:00075af0       cv_script_init_while       0000000180076af0 f   sfc_debug:sfcdebug.obj
 0001:00075ba0       cv_script_init_mcdc        0000000180076ba0 f   sfc_debug:sfcdebug.obj
 0001:00075ca0       cv_script_init_switch      0000000180076ca0 f   sfc_debug:sfcdebug.obj
 0001:00075d80       cv_script_eval             0000000180076d80 f   sfc_debug:sfcdebug.obj
 0001:00075e60       eml_debug_line_call        0000000180076e60 f   sfc_debug:sfcdebug.obj
 0001:00076010       sf_debug_terminate         0000000180077010 f   sfc_debug:sfcdebug.obj
 0001:00076180       sf_debug_set_script_cv_ids 0000000180077180 f   sfc_debug:sfcdebug.obj
 0001:000762b0       sf_debug_api               00000001800772b0 f   sfc_debug:sfc_api.obj
 0001:00077960       sf_debug_sm_terminate      0000000180078960 f   sfc_debug:sfdb_animation.obj
 0001:00077b20       sf_debug_reset_path_objects 0000000180078b20 f   sfc_debug:sfdb_animation.obj
 0001:00077ba0       sf_debug_sm_reset_object_selection_status 0000000180078ba0 f   sfc_debug:sfdb_animation.obj
 0001:00077c40       sf_debug_sm_reset_state_buffer 0000000180078c40 f   sfc_debug:sfdb_animation.obj
 0001:00077d10       sf_debug_sm_store_state_buffer 0000000180078d10 f   sfc_debug:sfdb_animation.obj
 0001:00077d90       sf_debug_sm_restore_state_buffer1 0000000180078d90 f   sfc_debug:sfdb_animation.obj
 0001:00077e00       sf_debug_sm_restore_state_buffer2 0000000180078e00 f   sfc_debug:sfdb_animation.obj
 0001:00077e70       sf_debug_sm_chart_active   0000000180078e70 f   sfc_debug:sfdb_animation.obj
 0001:00077ec0       sf_debug_sm_select_active_objects 0000000180078ec0 f   sfc_debug:sfdb_animation.obj
 0001:000783b0       sf_debug_sm_is_chart_active 00000001800793b0 f   sfc_debug:sfdb_animation.obj
 0001:000783f0       sf_debug_sm_is_state_active 00000001800793f0 f   sfc_debug:sfdb_animation.obj
 0001:00078630       sf_debug_sm_get_active_states 0000000180079630 f   sfc_debug:sfdb_animation.obj
 0001:00078bf0       sf_debug_sm_initialize_instance 0000000180079bf0 f   sfc_debug:sfdb_animation.obj
 0001:00078e10       sf_debug_sm_change_object_selection_status 0000000180079e10 f   sfc_debug:sfdb_animation.obj
 0001:00079120       cv_create_interface        000000018007a120 f   sfc_debug:cv_sfinterface.obj
 0001:00079480       cv_init_trans              000000018007a480 f   sfc_debug:cv_sfinterface.obj
 0001:000794d0       cv_init_testobjective      000000018007a4d0 f   sfc_debug:cv_sfinterface.obj
 0001:00079510       cv_init_state              000000018007a510 f   sfc_debug:cv_sfinterface.obj
 0001:00079580       cv_init_chart              000000018007a580 f   sfc_debug:cv_sfinterface.obj
 0001:000795d0       cv_dec_update_call         000000018007a5d0 f   sfc_debug:cv_sfinterface.obj
 0001:00079610       cv_cond_update_call        000000018007a610 f   sfc_debug:cv_sfinterface.obj
 0001:00079650       cv_testobjective_update_call 000000018007a650 f   sfc_debug:cv_sfinterface.obj
 0001:00079690       cv_sigrange_update         000000018007a690 f   sfc_debug:cv_sfinterface.obj
 0001:000796d0       cvsf_eml_eval              000000018007a6d0 f   sfc_debug:cv_sfinterface.obj
 0001:000797c0       cvsf_eml_init_script       000000018007a7c0 f   sfc_debug:cv_sfinterface.obj
 0001:00079850       cvsf_eml_init_fcn          000000018007a850 f   sfc_debug:cv_sfinterface.obj
 0001:000798b0       cvsf_eml_init_testobjective 000000018007a8b0 f   sfc_debug:cv_sfinterface.obj
 0001:00079910       cvsf_eml_init_saturation   000000018007a910 f   sfc_debug:cv_sfinterface.obj
 0001:00079960       cvsf_eml_init_if           000000018007a960 f   sfc_debug:cv_sfinterface.obj
 0001:000799c0       cvsf_eml_init_for          000000018007a9c0 f   sfc_debug:cv_sfinterface.obj
 0001:00079a10       cvsf_eml_init_while        000000018007aa10 f   sfc_debug:cv_sfinterface.obj
 0001:00079a60       cvsf_eml_init_mcdc         000000018007aa60 f   sfc_debug:cv_sfinterface.obj
 0001:00079af0       cvsf_eml_init_switch       000000018007aaf0 f   sfc_debug:cv_sfinterface.obj
 0001:00079b60       cvsf_script_eval           000000018007ab60 f   sfc_debug:cv_sfinterface.obj
 0001:00079c50       cvsf_script_init_script    000000018007ac50 f   sfc_debug:cv_sfinterface.obj
 0001:00079ce0       cvsf_script_init_fcn       000000018007ace0 f   sfc_debug:cv_sfinterface.obj
 0001:00079d40       cvsf_script_init_testobjective 000000018007ad40 f   sfc_debug:cv_sfinterface.obj
 0001:00079da0       cvsf_script_init_saturation 000000018007ada0 f   sfc_debug:cv_sfinterface.obj
 0001:00079df0       cvsf_script_init_if        000000018007adf0 f   sfc_debug:cv_sfinterface.obj
 0001:00079e50       cvsf_script_init_for       000000018007ae50 f   sfc_debug:cv_sfinterface.obj
 0001:00079ea0       cvsf_script_init_while     000000018007aea0 f   sfc_debug:cv_sfinterface.obj
 0001:00079ef0       cvsf_script_init_mcdc      000000018007aef0 f   sfc_debug:cv_sfinterface.obj
 0001:00079f80       cvsf_script_init_switch    000000018007af80 f   sfc_debug:cv_sfinterface.obj
 0001:00079ff0       cv_destroy_interface       000000018007aff0 f   sfc_debug:cv_sfinterface.obj
 0001:0007a010       cv_create_instance_objects 000000018007b010 f   sfc_debug:cv_sfinterface.obj
 0001:0007a4c0       cv_is_enabled              000000018007b4c0 f   sfc_debug:cv_sfinterface.obj
 0001:0007a4d0       sf_debug_cv_initialize_script 000000018007b4d0 f   sfc_debug:cv_sfinterface.obj
 0001:0007a680       sf_debug_cv_initialize_instance 000000018007b680 f   sfc_debug:cv_sfinterface.obj
 0001:0007aa20       sf_debug_cv_terminate_chart 000000018007ba20 f   sfc_debug:cv_sfinterface.obj
 0001:0007ab60       cv_call_trans_test         000000018007bb60 f   sfc_debug:cv_sfinterface.obj
 0001:0007ab70       cv_call_sub_cond_test      000000018007bb70 f   sfc_debug:cv_sfinterface.obj
 0001:0007abb0       sf_debug_st_initialize_machine 000000018007bbb0 f   sfc_debug:sfdb_data_browse.obj
 0001:0007ac70       sf_debug_st_initialize_instance 000000018007bc70 f   sfc_debug:sfdb_data_browse.obj
 0001:0007aea0       sf_debug_st_terminate      000000018007bea0 f   sfc_debug:sfdb_data_browse.obj
 0001:0007b240       sf_debug_st_set_data_value_ptr_in_machine 000000018007c240 f   sfc_debug:sfdb_data_browse.obj
 0001:0007b2d0       sf_debug_st_set_data_value_ptr_in_instance 000000018007c2d0 f   sfc_debug:sfdb_data_browse.obj
 0001:0007b3b0       sf_debug_st_unset_data_value_ptr_in_machine 000000018007c3b0 f   sfc_debug:sfdb_data_browse.obj
 0001:0007b420       sf_debug_st_unset_data_value_ptr_in_instance 000000018007c420 f   sfc_debug:sfdb_data_browse.obj
 0001:0007b730       sf_debug_mx_value          000000018007c730 f   sfc_debug:sfdb_data_browse.obj
 0001:0007b790       sf_debug_mx_packed_vector  000000018007c790 f   sfc_debug:sfdb_data_browse.obj
 0001:0007b870       sf_debug_mx_uint_vector    000000018007c870 f   sfc_debug:sfdb_data_browse.obj
 0001:0007b930       sf_debug_st_get_double_value_from_void_ptr_vector 000000018007c930 f   sfc_debug:sfdb_data_browse.obj
 0001:0007c420       sf_debug_st_browse_data    000000018007d420 f   sfc_debug:sfdb_data_browse.obj
 0001:0007ccb0       sf_debug_hm_initialize_instance 000000018007dcb0 f   sfc_debug:sfdb_handle_management.obj
 0001:0007d1e0       sf_debug_hm_get_object_id  000000018007e1e0 f   sfc_debug:sfdb_handle_management.obj
 0001:0007dd90       sf_debug_hm_update_chart_visibility 000000018007ed90 f   sfc_debug:sfdb_handle_management.obj
 0001:0007f070       sf_debug_object_is_eml_function 0000000180080070 f   sfc_debug:sfdb_handle_management.obj
 0001:0007f0e0       sf_debug_hm_initialize_ids_in_machine 00000001800800e0 f   sfc_debug:sfdb_handle_management.obj
 0001:0007f250       sf_debug_hm_initialize_ids_in_chart 0000000180080250 f   sfc_debug:sfdb_handle_management.obj
 0001:0007f350       sf_debug_hm_initialize_chart 0000000180080350 f   sfc_debug:sfdb_handle_management.obj
 0001:0007faf0       sf_debug_hm_terminate      0000000180080af0 f   sfc_debug:sfdb_handle_management.obj
 0001:0007fb50       sf_debug_hm_initialize_machine 0000000180080b50 f   sfc_debug:sfdb_handle_management.obj
 0001:00080300       sf_debug_ss_initialize     0000000180081300 f   sfc_debug:sfdb_symbol_scope.obj
 0001:00080320       sf_debug_ss_terminate      0000000180081320 f   sfc_debug:sfdb_symbol_scope.obj
 0001:000803b0       sf_debug_ss_push_symbol_scope 00000001800813b0 f   sfc_debug:sfdb_symbol_scope.obj
 0001:000804b0       sf_debug_ss_push_symbol_scope_eml 00000001800814b0 f   sfc_debug:sfdb_symbol_scope.obj
 0001:00080510       sf_debug_ss_pop_symbol_scope 0000000180081510 f   sfc_debug:sfdb_symbol_scope.obj
 0001:000805c0       sf_debug_ss_add_symbol     00000001800815c0 f   sfc_debug:sfdb_symbol_scope.obj
 0001:00080720       sf_debug_ss_add_symbol_eml 0000000180081720 f   sfc_debug:sfdb_symbol_scope.obj
 0001:00081440       sf_debug_ss_set_data_value 0000000180082440 f   sfc_debug:sfdb_symbol_scope.obj
 0001:00081910       getInstanceNumber          0000000180082910 f   sfc_debug:sfdb_symbol_scope.obj
 0001:000819e0       sf_debug_ss_watch_data     00000001800829e0 f   sfc_debug:sfdb_symbol_scope.obj
 0001:00081b80       sf_debug_ss_assign_data    0000000180082b80 f   sfc_debug:sfdb_symbol_scope.obj
 0001:000825a0       get_data_entry_name        00000001800835a0 f   sfc_debug:sfdb_symbol_scope.obj
 0001:000825f0       sf_debug_ss_whos           00000001800835f0 f   sfc_debug:sfdb_symbol_scope.obj
 0001:00082d10       sf_debug_cc_initialize_chart 0000000180083d10 f   sfc_debug:sfdb_coverage.obj
 0001:00083700       sf_debug_cc_initialize_instance 0000000180084700 f   sfc_debug:sfdb_coverage.obj
 0001:00084510       sf_debug_cc_terminate      0000000180085510 f   sfc_debug:sfdb_coverage.obj
 0001:00084600       sf_debug_cc_set_transition_maps 0000000180085600 f   sfc_debug:sfdb_coverage.obj
 0001:00084730       sf_debug_cc_set_state_maps 0000000180085730 f   sfc_debug:sfdb_coverage.obj
 0001:00084810       sf_debug_cc_set_transition_weights 0000000180085810 f   sfc_debug:sfdb_coverage.obj
 0001:00084ae0       sf_debug_cc_set_state_weights 0000000180085ae0 f   sfc_debug:sfdb_coverage.obj
 0001:00084db0       sf_debug_cc_mark_transition_guard 0000000180085db0 f   sfc_debug:sfdb_coverage.obj
 0001:00084e40       sf_debug_cc_mark_transition_trigger 0000000180085e40 f   sfc_debug:sfdb_coverage.obj
 0001:00084ed0       sf_debug_cc_mark_transition_decision 0000000180085ed0 f   sfc_debug:sfdb_coverage.obj
 0001:00084f40       sf_debug_cc_mark_transition_condition_action 0000000180085f40 f   sfc_debug:sfdb_coverage.obj
 0001:00084f90       sf_debug_cc_mark_transition_transition_action 0000000180085f90 f   sfc_debug:sfdb_coverage.obj
 0001:00084fe0       sf_debug_cc_mark_state_entry 0000000180085fe0 f   sfc_debug:sfdb_coverage.obj
 0001:00085030       sf_debug_cc_mark_state_during 0000000180086030 f   sfc_debug:sfdb_coverage.obj
 0001:00085080       sf_debug_cc_mark_state_exit 0000000180086080 f   sfc_debug:sfdb_coverage.obj
 0001:000850d0       sf_debug_bm_clear_script_breakpoints 00000001800860d0 f   sfc_debug:sfdb_breakpoints.obj
 0001:00085100       sf_debug_bm_set_script_breakpoint 0000000180086100 f   sfc_debug:sfdb_breakpoints.obj
 0001:00085180       sf_debug_bm_clear_single_script_breakpoint 0000000180086180 f   sfc_debug:sfdb_breakpoints.obj
 0001:00085200       sf_debug_bm_query_script_breakpoint 0000000180086200 f   sfc_debug:sfdb_breakpoints.obj
 0001:00085250       sf_debug_bm_initialize_scripts 0000000180086250 f   sfc_debug:sfdb_breakpoints.obj
 0001:00085970       sf_debug_bm_terminate      0000000180086970 f   sfc_debug:sfdb_breakpoints.obj
 0001:00085c60       sf_debug_bm_remove_all_breakpoints_in_machine 0000000180086c60 f   sfc_debug:sfdb_breakpoints.obj
 0001:00085cd0       sf_debug_bm_remove_all_breakpoints_in_chart 0000000180086cd0 f   sfc_debug:sfdb_breakpoints.obj
 0001:00085e20       sf_debug_bm_initialize_global_breakpoints 0000000180086e20 f   sfc_debug:sfdb_breakpoints.obj
 0001:00085fa0       sf_debug_bm_set_breakpoint 0000000180086fa0 f   sfc_debug:sfdb_breakpoints.obj
 0001:000865a0       sf_debug_bm_set_eml_breakpoint 00000001800875a0 f   sfc_debug:sfdb_breakpoints.obj
 0001:00086640       sf_debug_bm_initialize_machine_breakpoint_map 0000000180087640 f   sfc_debug:sfdb_breakpoints.obj
 0001:00086a60       sf_debug_bm_is_a_breakpoint 0000000180087a60 f   sfc_debug:sfdb_breakpoints.obj
 0001:00087040       sf_debug_bm_get_all_breakpoints_in_machine 0000000180088040 f   sfc_debug:sfdb_breakpoints.obj
 0001:00087340       sf_debug_bm_get_all_breakpoints_in_chart 0000000180088340 f   sfc_debug:sfdb_breakpoints.obj
 0001:00088000       sf_debug_bm_initialize_machine 0000000180089000 f   sfc_debug:sfdb_breakpoints.obj
 0001:000880d0       sf_debug_bm_initialize_chart 00000001800890d0 f   sfc_debug:sfdb_breakpoints.obj
 0001:000884f0       sf_debug_sc_terminate      00000001800894f0 f   sfc_debug:sfdb_state_consistency.obj
 0001:00088820       sf_debug_sc_is_chart_consistent 0000000180089820 f   sfc_debug:sfdb_state_consistency.obj
 0001:00088ad0       sf_debug_sc_get_consistency_error_info 0000000180089ad0 f   sfc_debug:sfdb_state_consistency.obj
 0001:00088f20       sf_debug_tm_terminate      0000000180089f20 f   sfc_debug:sfdb_call_stack.obj
 0001:00088fe0       sf_debug_tm_push_chart_instance 0000000180089fe0 f   sfc_debug:sfdb_call_stack.obj
 0001:00089130       sf_debug_tm_pop_chart_instance 000000018008a130 f   sfc_debug:sfdb_call_stack.obj
 0001:00089190       sf_debug_tm_push_trace_node 000000018008a190 f   sfc_debug:sfdb_call_stack.obj
 0001:00089320       sf_debug_tm_pop_trace_node 000000018008a320 f   sfc_debug:sfdb_call_stack.obj
 0001:000893a0       sf_debug_tm_get_current_global_trace_index 000000018008a3a0 f   sfc_debug:sfdb_call_stack.obj
 0001:000893b0       sf_debug_tm_get_current_local_trace_index 000000018008a3b0 f   sfc_debug:sfdb_call_stack.obj
 0001:000893e0       sf_debug_tm_set_cycle_detected_flag 000000018008a3e0 f   sfc_debug:sfdb_call_stack.obj
 0001:00089420       sf_debug_tm_set_cycle_started_flag 000000018008a420 f   sfc_debug:sfdb_call_stack.obj
 0001:00089460       sf_debug_tm_get_chart_number_from_stack 000000018008a460 f   sfc_debug:sfdb_call_stack.obj
 0001:00089660       sf_debug_tm_browse_trace   000000018008a660 f   sfc_debug:sfdb_call_stack.obj
 0001:000899a0       sf_debug_cd_initialize_instance 000000018008a9a0 f   sfc_debug:sfdb_cycle_detection.obj
 0001:00089c50       sf_debug_cd_mark_processed_transition_in_instance 000000018008ac50 f   sfc_debug:sfdb_cycle_detection.obj
 0001:00089cf0       sf_debug_cd_checksum_push  000000018008acf0 f   sfc_debug:sfdb_cycle_detection.obj
 0001:00089fb0       sf_debug_cd_checksum_pop   000000018008afb0 f   sfc_debug:sfdb_cycle_detection.obj
 0001:0008a020       sf_debug_cd_turn_off_cycle_detection 000000018008b020 f   sfc_debug:sfdb_cycle_detection.obj
 0001:0008a070       sf_debug_cd_terminate      000000018008b070 f   sfc_debug:sfdb_cycle_detection.obj
 0001:0008a2b0       md5_initialize_state       000000018008b2b0 f   sfc_debug:ckmd5.obj
 0001:0008ad20       md5_update_state           000000018008bd20 f   sfc_debug:ckmd5.obj
 0001:0008ad40       md5_get_hash               000000018008bd40 f   sfc_debug:ckmd5.obj
 0001:0008ad70       md5_get_hash_for_a_single_string 000000018008bd70 f   sfc_debug:ckmd5.obj
 0001:0008add4       mxGetPr                    000000018008bdd4 f   libmx:libmx.dll
 0001:0008adda       mxCreateDoubleScalar       000000018008bdda f   libmx:libmx.dll
 0001:0008ade0       mxCreateDoubleMatrix_730   000000018008bde0 f   libmx:libmx.dll
 0001:0008ade6       mxSetField_730             000000018008bde6 f   libmx:libmx.dll
 0001:0008adec       mxCreateString             000000018008bdec f   libmx:libmx.dll
 0001:0008adf2       mxCreateStructMatrix_730   000000018008bdf2 f   libmx:libmx.dll
 0001:0008adf8       mxDestroyArray             000000018008bdf8 f   libmx:libmx.dll
 0001:0008adfe       mxDuplicateArray           000000018008bdfe f   libmx:libmx.dll
 0001:0008ae04       mxIsEmpty                  000000018008be04 f   libmx:libmx.dll
 0001:0008ae0a       mxGetNaN                   000000018008be0a f   libmx:libmx.dll
 0001:0008ae10       mxGetString_730            000000018008be10 f   libmx:libmx.dll
 0001:0008ae16       mxIsChar                   000000018008be16 f   libmx:libmx.dll
 0001:0008ae1c       mxGetClassID               000000018008be1c f   libmx:libmx.dll
 0001:0008ae22       mxIsNumeric                000000018008be22 f   libmx:libmx.dll
 0001:0008ae28       mxIsComplex                000000018008be28 f   libmx:libmx.dll
 0001:0008ae2e       mxGetN                     000000018008be2e f   libmx:libmx.dll
 0001:0008ae34       mxGetM                     000000018008be34 f   libmx:libmx.dll
 0001:0008ae3a       mxCalloc                   000000018008be3a f   libmx:libmx.dll
 0001:0008ae40       mxGetScalar                000000018008be40 f   libmx:libmx.dll
 0001:0008ae46       mxIsLogical                000000018008be46 f   libmx:libmx.dll
 0001:0008ae4c       mxCreateDoubleMatrix_700   000000018008be4c f   libmx:libmx.dll
 0001:0008ae52       mxFree                     000000018008be52 f   libmx:libmx.dll
 0001:0008ae58       mxArrayToString            000000018008be58 f   libmx:libmx.dll
 0001:0008ae5e       mxCreateCellMatrix_700     000000018008be5e f   libmx:libmx.dll
 0001:0008ae64       mxSetCell_700              000000018008be64 f   libmx:libmx.dll
 0001:0008ae6a       mxGetCell_700              000000018008be6a f   libmx:libmx.dll
 0001:0008ae70       mxGetClassName             000000018008be70 f   libmx:libmx.dll
 0001:0008ae76       mxSetField_700             000000018008be76 f   libmx:libmx.dll
 0001:0008ae7c       mxAddField                 000000018008be7c f   libmx:libmx.dll
 0001:0008ae82       mxGetField_700             000000018008be82 f   libmx:libmx.dll
 0001:0008ae88       mxGetNumberOfElements      000000018008be88 f   libmx:libmx.dll
 0001:0008ae8e       mxIsStruct                 000000018008be8e f   libmx:libmx.dll
 0001:0008ae94       mxIsA                      000000018008be94 f   libmx:libmx.dll
 0001:0008ae9a       mxIsClass                  000000018008be9a f   libmx:libmx.dll
 0001:0008aea0       mxGetLogicals              000000018008bea0 f   libmx:libmx.dll
 0001:0008aea6       mxIsSparse                 000000018008bea6 f   libmx:libmx.dll
 0001:0008aeac       mxSetFieldByNumber_700     000000018008beac f   libmx:libmx.dll
 0001:0008aeb2       mxGetFieldByNumber_700     000000018008beb2 f   libmx:libmx.dll
 0001:0008aeb8       mxGetFieldNameByNumber     000000018008beb8 f   libmx:libmx.dll
 0001:0008aebe       mxGetNumberOfFields        000000018008bebe f   libmx:libmx.dll
 0001:0008aec4       mxCreateStructMatrix_700   000000018008bec4 f   libmx:libmx.dll
 0001:0008aeca       mxGetFieldNumber           000000018008beca f   libmx:libmx.dll
 0001:0008aed0       mxIsNaN                    000000018008bed0 f   libmx:libmx.dll
 0001:0008aed6       mxGetData                  000000018008bed6 f   libmx:libmx.dll
 0001:0008aedc       mxGetImagData              000000018008bedc f   libmx:libmx.dll
 0001:0008aee2       mxArrayClassIDName         000000018008bee2 f   libmx:libmx.dll
 0001:0008aee8       mxCreateNumericMatrix_700  000000018008bee8 f   libmx:libmx.dll
 0001:0008aeee       mxCreateStructArray_700    000000018008beee f   libmx:libmx.dll
 0001:0008aef4       mxCalcSingleSubscript_700  000000018008bef4 f   libmx:libmx.dll
 0001:0008aefa       mxGetDimensions_700        000000018008befa f   libmx:libmx.dll
 0001:0008af00       mxGetNumberOfDimensions_700 000000018008bf00 f   libmx:libmx.dll
 0001:0008af06       mxCreateNumericArray_700   000000018008bf06 f   libmx:libmx.dll
 0001:0008af0c       mxGetElementSize           000000018008bf0c f   libmx:libmx.dll
 0001:0008af12       mxCreateStringFromNChars_700 000000018008bf12 f   libmx:libmx.dll
 0001:0008af18       mxGetString_700            000000018008bf18 f   libmx:libmx.dll
 0001:0008af1e       mxIsLogicalScalarTrue      000000018008bf1e f   libmx:libmx.dll
 0001:0008af24       mxCreateLogicalScalar      000000018008bf24 f   libmx:libmx.dll
 0001:0008af2a       mexUnlock                  000000018008bf2a f   libmex:libmex.dll
 0001:0008af30       mexIsLocked                000000018008bf30 f   libmex:libmex.dll
 0001:0008af36       mexWarnMsgTxt              000000018008bf36 f   libmex:libmex.dll
 0001:0008af3c       mexCallMATLAB              000000018008bf3c f   libmex:libmex.dll
 0001:0008af42       mexErrMsgTxt               000000018008bf42 f   libmex:libmex.dll
 0001:0008af48       mexMakeArrayPersistent     000000018008bf48 f   libmex:libmex.dll
 0001:0008af4e       mexSetTrapFlag             000000018008bf4e f   libmex:libmex.dll
 0001:0008af54       mexPutVariable             000000018008bf54 f   libmex:libmex.dll
 0001:0008af5a       mexGetVariable             000000018008bf5a f   libmex:libmex.dll
 0001:0008af60       mexLock                    000000018008bf60 f   libmex:libmex.dll
 0001:0008af66       mexMakeMemoryPersistent    000000018008bf66 f   libmex:libmex.dll
 0001:0008af6c       mexFunctionName            000000018008bf6c f   libmex:libmex.dll
 0001:0008af72       ssRegisterDataTypeFxpFSlopeFixExpBias 000000018008bf72 f   libfixedpoint:libfixedpoint.dll
 0001:0008af78       utVSNprintf                000000018008bf78 f   libut:libut.dll
 0001:0008af7e       utCPUtime                  000000018008bf7e f   libut:libut.dll
 0001:0008af84       utFree                     000000018008bf84 f   libut:libut.dll
 0001:0008af8a       utMalloc                   000000018008bf8a f   libut:libut.dll
 0001:0008af90       muDoubleScalarMax          000000018008bf90 f   libmwmathutil:libmwmathutil.dll
 0001:0008af96       muDoubleScalarMin          000000018008bf96 f   libmwmathutil:libmwmathutil.dll
 0001:0008af9c       muDoubleScalarSin          000000018008bf9c f   libmwmathutil:libmwmathutil.dll
 0001:0008afa2       muDoubleScalarCos          000000018008bfa2 f   libmwmathutil:libmwmathutil.dll
 0001:0008afa8       muDoubleScalarPower        000000018008bfa8 f   libmwmathutil:libmwmathutil.dll
 0001:0008afae       muDoubleScalarFloor        000000018008bfae f   libmwmathutil:libmwmathutil.dll
 0001:0008afb4       muDoubleScalarAbs          000000018008bfb4 f   libmwmathutil:libmwmathutil.dll
 0001:0008afba       muDoubleScalarRound        000000018008bfba f   libmwmathutil:libmwmathutil.dll
 0001:0008afc0       muDoubleScalarIsNaN        000000018008bfc0 f   libmwmathutil:libmwmathutil.dll
 0001:0008afc6       emlrtCreateRootTLS         000000018008bfc6 f   libemlrt:libemlrt.dll
 0001:0008afcc       emlrtDestroyRootTLS        000000018008bfcc f   libemlrt:libemlrt.dll
 0001:0008afd2       emlrtCheckBuiltInR2012b    000000018008bfd2 f   libemlrt:libemlrt.dll
 0001:0008afd8       emlrtCheckVsBuiltInR2012b  000000018008bfd8 f   libemlrt:libemlrt.dll
 0001:0008afde       emlrtCheckEnumR2012b       000000018008bfde f   libemlrt:libemlrt.dll
 0001:0008afe4       emlrtCreateEnumR2012b      000000018008bfe4 f   libemlrt:libemlrt.dll
 0001:0008afea       emlrtGetEnumElementR2009a  000000018008bfea f   libemlrt:libemlrt.dll
 0001:0008aff0       emlrtCreateReference       000000018008bff0 f   libemlrt:libemlrt.dll
 0001:0008aff6       emlrtImportVsFiArrayR2009b 000000018008bff6 f   libemlrt:libemlrt.dll
 0001:0008affc       emlrtNameCapturePostProcessR2012a 000000018008bffc f   libemlrt:libemlrt.dll
 0001:0008b002       emlrtExtractMessageId      000000018008c002 f   libemlrt:libemlrt.dll
 0001:0008b008       emlrtTranslateMessageIDtoLCPstring 000000018008c008 f   libemlrt:libemlrt.dll
 0001:0008b00e       emlrtForLoopVectorIsValidR2011b 000000018008c00e f   libemlrt:libemlrt.dll
 0001:0008b014       emlrtTranslateUTF16MessagetoLCPstring 000000018008c014 f   libemlrt:libemlrt.dll
 0001:0008b01a       emlrtGetEnumUnderlyingArrayR2009a 000000018008c01a f   libemlrt:libemlrt.dll
 0001:0008b020       emlrtIsEnumR2009a          000000018008c020 f   libemlrt:libemlrt.dll
 0001:0008b026       dtrsm32                    000000018008c026 f   libmwblascompat32:libmwblascompat32.dll
 0001:0008b02c       __GSHandlerCheckCommon     000000018008c02c f   MSVCRT:gshandler.obj
 0001:0008b090       __GSHandlerCheck           000000018008c090 f   MSVCRT:gshandler.obj
 0001:0008b0ae       strlen                     000000018008c0ae f   MSVCRT:MSVCR100.dll
 0001:0008b0d0       __security_check_cookie    000000018008c0d0 f   MSVCRT:amdsecgs.obj
 0001:0008b100       _alloca_probe              000000018008c100     MSVCRT:chkstk.obj
 0001:0008b100       __chkstk                   000000018008c100 f   MSVCRT:chkstk.obj
 0001:0008b14e       memset                     000000018008c14e f   MSVCRT:MSVCR100.dll
 0001:0008b154       malloc                     000000018008c154 f   MSVCRT:MSVCR100.dll
 0001:0008b15a       free                       000000018008c15a f   MSVCRT:MSVCR100.dll
 0001:0008b160       strcmp                     000000018008c160 f   MSVCRT:MSVCR100.dll
 0001:0008b166       sprintf                    000000018008c166 f   MSVCRT:MSVCR100.dll
 0001:0008b16c       strcat                     000000018008c16c f   MSVCRT:MSVCR100.dll
 0001:0008b172       memcpy                     000000018008c172 f   MSVCRT:MSVCR100.dll
 0001:0008b178       NtCurrentTeb               000000018008c178 f i MSVCRT:crtdll.obj
 0001:0008b1e4       _CRT_INIT                  000000018008c1e4 f   MSVCRT:crtdll.obj
 0001:0008b57c       _DllMainCRTStartup         000000018008c57c f   MSVCRT:crtdll.obj
 0001:0008b5ba       strncpy                    000000018008c5ba f   MSVCRT:MSVCR100.dll
 0001:0008b5c0       longjmp                    000000018008c5c0 f   MSVCRT:MSVCR100.dll
 0001:0008b5c6       strncmp                    000000018008c5c6 f   MSVCRT:MSVCR100.dll
 0001:0008b5cc       ceil                       000000018008c5cc f   MSVCRT:MSVCR100.dll
 0001:0008b5d2       strrchr                    000000018008c5d2 f   MSVCRT:MSVCR100.dll
 0001:0008b5d8       _setjmp                    000000018008c5d8 f   MSVCRT:MSVCR100.dll
 0001:0008b5de       calloc                     000000018008c5de f   MSVCRT:MSVCR100.dll
 0001:0008b5e4       realloc                    000000018008c5e4 f   MSVCRT:MSVCR100.dll
 0001:0008b5ea       ldexp                      000000018008c5ea f   MSVCRT:MSVCR100.dll
 0001:0008b5f0       __report_gsfailure         000000018008c5f0 f   MSVCRT:gs_report.obj
 0001:0008b73c       __clean_type_info_names    000000018008c73c f   MSVCRT:tncleanup.obj
 0001:0008b748       _onexit                    000000018008c748 f   MSVCRT:atonexit.obj
 0001:0008b7f8       atexit                     000000018008c7f8 f   MSVCRT:atonexit.obj
 0001:0008b810       _RTC_Initialize            000000018008c810 f   MSVCRT:_initsect_.obj
 0001:0008b848       _RTC_Terminate             000000018008c848 f   MSVCRT:_initsect_.obj
 0001:0008b880       _malloc_crt                000000018008c880 f   MSVCRT:MSVCR100.dll
 0001:0008b890       _ValidateImageBase         000000018008c890 f   MSVCRT:pesect.obj
 0001:0008b8c0       _FindPESection             000000018008c8c0 f   MSVCRT:pesect.obj
 0001:0008b910       _IsNonwritableInCurrentImage 000000018008c910 f   MSVCRT:pesect.obj
 0001:0008b952       _initterm                  000000018008c952 f   MSVCRT:MSVCR100.dll
 0001:0008b958       _initterm_e                000000018008c958 f   MSVCRT:MSVCR100.dll
 0001:0008b95e       _encoded_null              000000018008c95e f   MSVCRT:MSVCR100.dll
 0001:0008b964       _amsg_exit                 000000018008c964 f   MSVCRT:MSVCR100.dll
 0001:0008b96a       __C_specific_handler       000000018008c96a f   MSVCRT:MSVCR100.dll
 0001:0008b970       __CppXcptFilter            000000018008c970 f   MSVCRT:MSVCR100.dll
 0001:0008b978       DllMain                    000000018008c978 f   MSVCRT:dllmain.obj
 0001:0008b99c       __security_init_cookie     000000018008c99c f   MSVCRT:gs_support.obj
 0001:0008ba50       __crt_debugger_hook        000000018008ca50 f   MSVCRT:MSVCR100.dll
 0001:0008ba56       __clean_type_info_names_internal 000000018008ca56 f   MSVCRT:MSVCR100.dll
 0001:0008ba5c       _unlock                    000000018008ca5c f   MSVCRT:MSVCR100.dll
 0001:0008ba62       __dllonexit                000000018008ca62 f   MSVCRT:MSVCR100.dll
 0001:0008ba68       _lock                      000000018008ca68 f   MSVCRT:MSVCR100.dll
 0001:0008ba6e       EncodePointer              000000018008ca6e f   kernel32:KERNEL32.dll
 0001:0008ba74       DecodePointer              000000018008ca74 f   kernel32:KERNEL32.dll
 0001:0008ba7a       Sleep                      000000018008ca7a f   kernel32:KERNEL32.dll
 0001:0008ba80       TerminateProcess           000000018008ca80 f   kernel32:KERNEL32.dll
 0001:0008ba86       GetCurrentProcess          000000018008ca86 f   kernel32:KERNEL32.dll
 0001:0008ba8c       UnhandledExceptionFilter   000000018008ca8c f   kernel32:KERNEL32.dll
 0001:0008ba92       SetUnhandledExceptionFilter 000000018008ca92 f   kernel32:KERNEL32.dll
 0001:0008ba98       IsDebuggerPresent          000000018008ca98 f   kernel32:KERNEL32.dll
 0001:0008ba9e       RtlVirtualUnwind           000000018008ca9e f   kernel32:KERNEL32.dll
 0001:0008baa4       RtlLookupFunctionEntry     000000018008caa4 f   kernel32:KERNEL32.dll
 0001:0008baaa       RtlCaptureContext          000000018008caaa f   kernel32:KERNEL32.dll
 0001:0008bab0       DisableThreadLibraryCalls  000000018008cab0 f   kernel32:KERNEL32.dll
 0001:0008bab6       QueryPerformanceCounter    000000018008cab6 f   kernel32:KERNEL32.dll
 0001:0008babc       GetTickCount               000000018008cabc f   kernel32:KERNEL32.dll
 0001:0008bac2       GetCurrentThreadId         000000018008cac2 f   kernel32:KERNEL32.dll
 0001:0008bac8       GetCurrentProcessId        000000018008cac8 f   kernel32:KERNEL32.dll
 0001:0008bace       GetSystemTimeAsFileTime    000000018008cace f   kernel32:KERNEL32.dll
 0002:00000000       __imp_GetSystemTimeAsFileTime 000000018008d000     kernel32:KERNEL32.dll
 0002:00000008       __imp_GetCurrentProcessId  000000018008d008     kernel32:KERNEL32.dll
 0002:00000010       __imp_GetCurrentThreadId   000000018008d010     kernel32:KERNEL32.dll
 0002:00000018       __imp_GetTickCount         000000018008d018     kernel32:KERNEL32.dll
 0002:00000020       __imp_QueryPerformanceCounter 000000018008d020     kernel32:KERNEL32.dll
 0002:00000028       __imp_DisableThreadLibraryCalls 000000018008d028     kernel32:KERNEL32.dll
 0002:00000030       __imp_RtlCaptureContext    000000018008d030     kernel32:KERNEL32.dll
 0002:00000038       __imp_RtlLookupFunctionEntry 000000018008d038     kernel32:KERNEL32.dll
 0002:00000040       __imp_RtlVirtualUnwind     000000018008d040     kernel32:KERNEL32.dll
 0002:00000048       __imp_IsDebuggerPresent    000000018008d048     kernel32:KERNEL32.dll
 0002:00000050       __imp_SetUnhandledExceptionFilter 000000018008d050     kernel32:KERNEL32.dll
 0002:00000058       __imp_UnhandledExceptionFilter 000000018008d058     kernel32:KERNEL32.dll
 0002:00000060       __imp_GetCurrentProcess    000000018008d060     kernel32:KERNEL32.dll
 0002:00000068       __imp_TerminateProcess     000000018008d068     kernel32:KERNEL32.dll
 0002:00000070       __imp_Sleep                000000018008d070     kernel32:KERNEL32.dll
 0002:00000078       __imp_DecodePointer        000000018008d078     kernel32:KERNEL32.dll
 0002:00000080       __imp_EncodePointer        000000018008d080     kernel32:KERNEL32.dll
 0002:00000088       \177KERNEL32_NULL_THUNK_DATA 000000018008d088     kernel32:KERNEL32.dll
 0002:00000090       __imp__onexit              000000018008d090     MSVCRT:MSVCR100.dll
 0002:00000098       __imp__lock                000000018008d098     MSVCRT:MSVCR100.dll
 0002:000000a0       __imp___dllonexit          000000018008d0a0     MSVCRT:MSVCR100.dll
 0002:000000a8       __imp__unlock              000000018008d0a8     MSVCRT:MSVCR100.dll
 0002:000000b0       __imp___clean_type_info_names_internal 000000018008d0b0     MSVCRT:MSVCR100.dll
 0002:000000b8       __imp___crt_debugger_hook  000000018008d0b8     MSVCRT:MSVCR100.dll
 0002:000000c0       __imp___CppXcptFilter      000000018008d0c0     MSVCRT:MSVCR100.dll
 0002:000000c8       __imp___C_specific_handler 000000018008d0c8     MSVCRT:MSVCR100.dll
 0002:000000d0       __imp__amsg_exit           000000018008d0d0     MSVCRT:MSVCR100.dll
 0002:000000d8       __imp__encoded_null        000000018008d0d8     MSVCRT:MSVCR100.dll
 0002:000000e0       __imp__initterm_e          000000018008d0e0     MSVCRT:MSVCR100.dll
 0002:000000e8       __imp__initterm            000000018008d0e8     MSVCRT:MSVCR100.dll
 0002:000000f0       __imp__malloc_crt          000000018008d0f0     MSVCRT:MSVCR100.dll
 0002:000000f8       __imp_ldexp                000000018008d0f8     MSVCRT:MSVCR100.dll
 0002:00000100       __imp_realloc              000000018008d100     MSVCRT:MSVCR100.dll
 0002:00000108       __imp_calloc               000000018008d108     MSVCRT:MSVCR100.dll
 0002:00000110       __imp__setjmp              000000018008d110     MSVCRT:MSVCR100.dll
 0002:00000118       __imp_strrchr              000000018008d118     MSVCRT:MSVCR100.dll
 0002:00000120       __imp_ceil                 000000018008d120     MSVCRT:MSVCR100.dll
 0002:00000128       __imp_strncmp              000000018008d128     MSVCRT:MSVCR100.dll
 0002:00000130       __imp_longjmp              000000018008d130     MSVCRT:MSVCR100.dll
 0002:00000138       __imp_strncpy              000000018008d138     MSVCRT:MSVCR100.dll
 0002:00000140       __imp_memcpy               000000018008d140     MSVCRT:MSVCR100.dll
 0002:00000148       __imp_strcat               000000018008d148     MSVCRT:MSVCR100.dll
 0002:00000150       __imp_sprintf              000000018008d150     MSVCRT:MSVCR100.dll
 0002:00000158       __imp_strcmp               000000018008d158     MSVCRT:MSVCR100.dll
 0002:00000160       __imp_free                 000000018008d160     MSVCRT:MSVCR100.dll
 0002:00000168       __imp_malloc               000000018008d168     MSVCRT:MSVCR100.dll
 0002:00000170       __imp_memset               000000018008d170     MSVCRT:MSVCR100.dll
 0002:00000178       __imp_strlen               000000018008d178     MSVCRT:MSVCR100.dll
 0002:00000180       \177MSVCR100_NULL_THUNK_DATA 000000018008d180     MSVCRT:MSVCR100.dll
 0002:00000188       __imp_emlrtCheckEnumR2012b 000000018008d188     libemlrt:libemlrt.dll
 0002:00000190       __imp_emlrtCheckVsBuiltInR2012b 000000018008d190     libemlrt:libemlrt.dll
 0002:00000198       __imp_emlrtIsEnumR2009a    000000018008d198     libemlrt:libemlrt.dll
 0002:000001a0       __imp_emlrtGetEnumUnderlyingArrayR2009a 000000018008d1a0     libemlrt:libemlrt.dll
 0002:000001a8       __imp_emlrtTranslateUTF16MessagetoLCPstring 000000018008d1a8     libemlrt:libemlrt.dll
 0002:000001b0       __imp_emlrtForLoopVectorIsValidR2011b 000000018008d1b0     libemlrt:libemlrt.dll
 0002:000001b8       __imp_emlrtTranslateMessageIDtoLCPstring 000000018008d1b8     libemlrt:libemlrt.dll
[...]
 0001:000627c0       check_array_dimensions     00000001800637c0 f   sfc_mex:sfc_mex.obj
 0001:00062830       check_input_mxarray        0000000180063830 f   sfc_mex:sfc_mex.obj
 0001:00062f70       sf_numeric_value_to_double 0000000180063f70 f   sfc_mex:sfc_mex.obj
 0001:00062fc0       ml_generic_out_of_bounds_check 0000000180063fc0 f   sfc_mex:sfc_mex.obj
 0001:00063190       ml_get_element_value_from_array 0000000180064190 f   sfc_mex:sfc_mex.obj
 0001:00063530       _ml_generic_castability_check 0000000180064530 f   sfc_mex:sfc_mex.obj
 0001:00064290       ml_generic_castability_check 0000000180065290 f   sfc_mex:sfc_mex.obj
 0001:00064330       ml_check_mx_array_for_single_castability 0000000180065330 f   sfc_mex:sfc_mex.obj
 0001:000643d0       ml_check_mx_array_for_logical_castability 00000001800653d0 f   sfc_mex:sfc_mex.obj
 0001:00064470       ml_check_mx_array_for_int8_castability 0000000180065470 f   sfc_mex:sfc_mex.obj
 0001:00064520       ml_check_mx_array_for_uint8_castability 0000000180065520 f   sfc_mex:sfc_mex.obj
 0001:00064580       ml_check_mx_array_for_int16_castability 0000000180065580 f   sfc_mex:sfc_mex.obj
 0001:000645e0       ml_check_mx_array_for_uint16_castability 00000001800655e0 f   sfc_mex:sfc_mex.obj
 0001:00064640       ml_check_mx_array_for_int32_castability 0000000180065640 f   sfc_mex:sfc_mex.obj
 0001:000646a0       ml_check_mx_array_for_uint32_castability 00000001800656a0 f   sfc_mex:sfc_mex.obj
 0001:00064700       ml_check_mx_array_for_castability 0000000180065700 f   sfc_mex:sfc_mex.obj
 0001:00065030       set_data_value             0000000180066030 f   sfc_mex:sfc_mex.obj
 0001:000653a0       get_data_value             00000001800663a0 f   sfc_mex:sfc_mex.obj
 0001:000654b0       get_next_element_address   00000001800664b0 f   sfc_mex:sfc_mex.obj
 0001:00065580       sf_normalize_index         0000000180066580 f   sfc_mex:sfc_mex.obj
 0001:00065910       ml_array_index_bound_check 0000000180066910 f   sfc_mex:sfc_mex.obj
 0001:00066430       mx_value                   0000000180067430 f   sfc_mex:sfc_mex.obj
 0001:00066480       sf_create_numeric_array    0000000180067480 f   sfc_mex:sfc_mex.obj
 0001:00066520       sf_mex_assign_to_mx_array  0000000180067520 f   sfc_mex:sfc_mex.obj
 0001:00066870       assign_from_mx_array       0000000180067870 f   sfc_mex:sfc_mex.obj
 0001:000670a0       sf_mex_import_v            00000001800680a0 f   sfc_mex:sfc_mex.obj
 0001:000677a0       get_machine_and_chart_file_number 00000001800687a0 f   sfc_mex:sfc_sf.obj
 0001:00067890       get_sfun_block_specialization 0000000180068890 f   sfc_mex:sfc_sf.obj
 0001:00067940       call_sf_machine_global_method_dispatcher 0000000180068940 f   sfc_mex:sfc_sf.obj
 0001:00067b90       mdl_zeroCrossings_processing 0000000180068b90 f   sfc_mex:sfc_sf.obj
 0001:00067c60       mdl_derivatives_processing 0000000180068c60 f   sfc_mex:sfc_sf.obj
 0001:00067f20       mdl_outputs_continuous_legacy 0000000180068f20 f   sfc_mex:sfc_sf.obj
 0001:00067fa0       mdl_outputs_processing     0000000180068fa0 f   sfc_mex:sfc_sf.obj
 0001:00068210       mdl_enable_processing      0000000180069210 f   sfc_mex:sfc_sf.obj
 0001:000682e0       mdl_disable_processing     00000001800692e0 f   sfc_mex:sfc_sf.obj
 0001:00069050       sf_call_output_fcn_enable_disable 000000018006a050 f   sfc_mex:sfc_sf.obj
 0001:000692d0       set_dwork_information_from_mx_array 000000018006a2d0 f   sfc_mex:sfc_sf.obj
 0001:00069b90       ptr2mxStruct               000000018006ab90 f   sfc_mex:sfc_sf.obj
 0001:00069ea0       SNPRINTF_WRAPPER           000000018006aea0 f   sfc_debug:sfcdebug.obj
 0001:00069ec0       sf_debug_chart_instance_initialized_quick 000000018006aec0 f   sfc_debug:sfcdebug.obj
 0001:00069ed0       sf_debug_chart_instance_initialized 000000018006aed0 f   sfc_debug:sfcdebug.obj
 0001:0006a070       sfrtAddSize                000000018006b070 f   sfc_debug:sfcdebug.obj
 0001:0006a130       sfrtGenSizeString          000000018006b130 f   sfc_debug:sfcdebug.obj
 0001:0006a840       fill_single_message_info   000000018006b840 f   sfc_debug:sfcdebug.obj
 0001:0006aa00       sf_debug_sim_status_listener 000000018006ba00 f   sfc_debug:sfcdebug.obj
 0001:0006af70       sf_debug_form_mask_bits    000000018006bf70 f   sfc_debug:sfcdebug.obj
 0001:0006afb0       sf_debug_form_sf_data_type_offsets 000000018006bfb0 f   sfc_debug:sfcdebug.obj
 0001:0006b070       sf_debug_free_all          000000018006c070 f   sfc_debug:sfcdebug.obj
 0001:0006b220       sf_debug_append_debugger_context 000000018006c220 f   sfc_debug:sfcdebug.obj
 0001:0006b3c0       sf_debug_update_always_honor_breakpoints 000000018006c3c0 f   sfc_debug:sfcdebug.obj
 0001:0006b590       local_strdup               000000018006c590 f   sfc_debug:sfcdebug.obj
 0001:0006c470       sf_debug_em_terminate      000000018006d470 f   sfc_debug:sfcdebug.obj
 0001:0006c4b0       sf_debug_push_eml_function 000000018006d4b0 f   sfc_debug:sfcdebug.obj
 0001:0006c550       sf_debug_pop_eml_function  000000018006d550 f   sfc_debug:sfcdebug.obj
 0001:0006d250       sf_debug_get_machine_number_from_id_or_name 000000018006e250 f   sfc_debug:sfcdebug.obj
 0001:0006d3a0       sf_debug_get_chart_number_from_id 000000018006e3a0 f   sfc_debug:sfcdebug.obj
 0001:0006e140       sf_debug_transfer_control_to_debugger_GUI 000000018006f140 f   sfc_debug:sfcdebug.obj
 0001:0006f0d0       sf_debug_scripts_rehash    00000001800700d0 f   sfc_debug:sfcdebug.obj
 0001:0006f310       sf_debug_get_script_line_count 0000000180070310 f   sfc_debug:sfcdebug.obj
 0001:0006fc40       cv_eml_state_cvId          0000000180070c40 f   sfc_debug:sfcdebug.obj
 0001:0006fcb0       cv_eml_trans_cvId          0000000180070cb0 f   sfc_debug:sfcdebug.obj
 0001:00071040       sf_debug_data_array_bounds_error 0000000180072040 f   sfc_debug:sfcdebug.obj
 0001:00071470       eml_debug_runtime_error_doclink 0000000180072470 f   sfc_debug:sfcdebug.obj
 0001:000715d0       sf_debug_runtime_error     00000001800725d0 f   sfc_debug:sfcdebug.obj
 0001:00071640       sf_debug_matlab_error      0000000180072640 f   sfc_debug:sfcdebug.obj
 0001:00071f80       sf_debug_data_value_error  0000000180072f80 f   sfc_debug:sfcdebug.obj
 0001:00072880       sf_debug_data_loss_error   0000000180073880 f   sfc_debug:sfcdebug.obj
 0001:00073810       call_cv_range_check        0000000180074810 f   sfc_debug:sfcdebug.obj
 0001:00073fe0       sf_debug_invoke_cycle_detection_code 0000000180074fe0 f   sfc_debug:sfcdebug.obj
 0001:00074e60       sf_reset_debug_info_struct 0000000180075e60 f   sfc_debug:sfcdebug.obj
 0001:000756c0       cv_script_cvId             00000001800766c0 f   sfc_debug:sfcdebug.obj
 0001:00076420       sfc_api_chart_visible      0000000180077420 f   sfc_debug:sfc_api.obj
 0001:000764a0       sfc_api_active_instance    00000001800774a0 f   sfc_debug:sfc_api.obj
 0001:00076520       sfc_api_machine_load       0000000180077520 f   sfc_debug:sfc_api.obj
 0001:000765f0       sfc_api_debugger_alive     00000001800775f0 f   sfc_debug:sfc_api.obj
 0001:00076600       sfc_api_go                 0000000180077600 f   sfc_debug:sfc_api.obj
 0001:00076610       sfc_api_step_over          0000000180077610 f   sfc_debug:sfc_api.obj
 0001:00076620       sfc_api_step_out           0000000180077620 f   sfc_debug:sfc_api.obj
 0001:00076630       sfc_api_resume             0000000180077630 f   sfc_debug:sfc_api.obj
 0001:00076640       sfc_api_break              0000000180077640 f   sfc_debug:sfc_api.obj
 0001:00076650       sfc_api_stop_debugging     0000000180077650 f   sfc_debug:sfc_api.obj
 0001:000766a0       sfc_api_is_cycle_detected  00000001800776a0 f   sfc_debug:sfc_api.obj
 0001:000766f0       sfc_api_is_array_bounds_detected 00000001800776f0 f   sfc_debug:sfc_api.obj
 0001:00076740       sfc_api_set_disable_all_breakpoints 0000000180077740 f   sfc_debug:sfc_api.obj
 0001:000767b0       sfc_api_disable_all_breakpoints_and_go 00000001800777b0 f   sfc_debug:sfc_api.obj
 0001:000767c0       sfc_api_close              00000001800777c0 f   sfc_debug:sfc_api.obj
 0001:000767d0       sfc_api_browse_data        00000001800777d0 f   sfc_debug:sfc_api.obj
 0001:00076840       sfc_api_watch_data         0000000180077840 f   sfc_debug:sfc_api.obj
 0001:00076940       sfc_api_extract_message_post_receive_info 0000000180077940 f   sfc_debug:sfc_api.obj
 0001:00076960       sfc_api_assign_data        0000000180077960 f   sfc_debug:sfc_api.obj
 0001:00076a00       sfc_api_whos               0000000180077a00 f   sfc_debug:sfc_api.obj
 0001:00076a90       sfc_api_get_consistency_info 0000000180077a90 f   sfc_debug:sfc_api.obj
 0001:00076aa0       sfc_api_browse_trace       0000000180077aa0 f   sfc_debug:sfc_api.obj
 0001:00076ab0       sfc_api_break_on_chart_entry 0000000180077ab0 f   sfc_debug:sfc_api.obj
 0001:00076ad0       sfc_api_break_on_event_broadcast 0000000180077ad0 f   sfc_debug:sfc_api.obj
 0001:00076af0       sfc_api_break_on_state_entry 0000000180077af0 f   sfc_debug:sfc_api.obj
 0001:00076b10       sfc_api_set_watch          0000000180077b10 f   sfc_debug:sfc_api.obj
 0001:00076bb0       sfc_api_set_breakpoints    0000000180077bb0 f   sfc_debug:sfc_api.obj
 0001:00076c50       sfc_api_set_eml_breakpoints 0000000180077c50 f   sfc_debug:sfc_api.obj
 0001:00076cd0       sfc_api_set_script_breakpoints 0000000180077cd0 f   sfc_debug:sfc_api.obj
 0001:00076d20       sfc_api_add_script_breakpoints 0000000180077d20 f   sfc_debug:sfc_api.obj
 0001:00076d70       sfc_api_clear_script_breakpoints 0000000180077d70 f   sfc_debug:sfc_api.obj
 0001:00076dc0       sfc_api_query_script_breakpoints 0000000180077dc0 f   sfc_debug:sfc_api.obj
 0001:00076e20       sfc_api_get_script_id      0000000180077e20 f   sfc_debug:sfc_api.obj
 0001:00076ee0       sfc_api_get_active_states  0000000180077ee0 f   sfc_debug:sfc_api.obj
 0001:00076f60       sfc_api_break_between_times 0000000180077f60 f   sfc_debug:sfc_api.obj
 0001:00076fc0       sfc_api_get_instance_handle 0000000180077fc0 f   sfc_debug:sfc_api.obj
 0001:00077070       sfc_api_set_animation      0000000180078070 f   sfc_debug:sfc_api.obj
 0001:000770c0       sfc_api_select_chart       00000001800780c0 f   sfc_debug:sfc_api.obj
 0001:00077120       sfc_api_select_charts      0000000180078120 f   sfc_debug:sfc_api.obj
 0001:00077150       sfc_api_cycle_detection_check 0000000180078150 f   sfc_debug:sfc_api.obj
 0001:000771a0       sfc_api_data_range_check   00000001800781a0 f   sfc_debug:sfc_api.obj
 0001:000771f0       sfc_api_transition_conflict_check 00000001800781f0 f   sfc_debug:sfc_api.obj
 0001:00077240       sfc_api_state_consistency_check 0000000180078240 f   sfc_debug:sfc_api.obj
 0001:00077290       sfc_api_set_instance_cv_ids 0000000180078290 f   sfc_debug:sfc_api.obj
 0001:000773a0       sfc_api_set_script_cv_ids  00000001800783a0 f   sfc_debug:sfc_api.obj
 0001:00077450       sfc_api_get_current_machine_id 0000000180078450 f   sfc_debug:sfc_api.obj
 0001:00077480       sfc_api_get_current_machine_number 0000000180078480 f   sfc_debug:sfc_api.obj
 0001:000774b0       sfc_api_get_current_chart_number 00000001800784b0 f   sfc_debug:sfc_api.obj
 0001:000774e0       sfc_api_get_current_instance_number 00000001800784e0 f   sfc_debug:sfc_api.obj
 0001:00077510       sfc_api_get_current_instance_handle 0000000180078510 f   sfc_debug:sfc_api.obj
 0001:00077530       sfc_api_get_current_is_minor_time_step 0000000180078530 f   sfc_debug:sfc_api.obj
 0001:00077560       sfc_api_get_current_machine_name 0000000180078560 f   sfc_debug:sfc_api.obj
 0001:00077580       sfc_api_get_current_chart_id 0000000180078580 f   sfc_debug:sfc_api.obj
 0001:000775b0       sfc_api_get_current_object_type 00000001800785b0 f   sfc_debug:sfc_api.obj
 0001:000775e0       sfc_api_get_current_event_type 00000001800785e0 f   sfc_debug:sfc_api.obj
 0001:00077610       sfc_api_get_current_object_id 0000000180078610 f   sfc_debug:sfc_api.obj
 0001:00077640       sfc_get_current_active_event_type 0000000180078640 f   sfc_debug:sfc_api.obj
 0001:00077670       sfc_api_get_current_active_event_id 0000000180078670 f   sfc_debug:sfc_api.obj
 0001:000776a0       sfc_api_get_current_simulation_time 00000001800786a0 f   sfc_debug:sfc_api.obj
 0001:000776c0       sfc_get_current_tag_type   00000001800786c0 f   sfc_debug:sfc_api.obj
 0001:000776f0       sfc_get_current_coverage_percentage 00000001800786f0 f   sfc_debug:sfc_api.obj
 0001:00077710       sfc_get_current_statement_context 0000000180078710 f   sfc_debug:sfc_api.obj
 0001:00077730       sfc_get_current_optional_integer 0000000180078730 f   sfc_debug:sfc_api.obj
 0001:00077760       sfc_get_current_statement_info 0000000180078760 f   sfc_debug:sfc_api.obj
 0001:00077800       sfc_api_get                0000000180078800 f   sfc_debug:sfc_api.obj
 0001:00078470       sf_debug_sm_fill_state_activity_data 0000000180079470 f   sfc_debug:sfdb_animation.obj
 0001:0007ad70       void_ptr_stack_vector_free_total 000000018007bd70 f   sfc_debug:sfdb_data_browse.obj
 0001:0007ae00       sf_debug_st_terminate_machine 000000018007be00 f   sfc_debug:sfdb_data_browse.obj
 0001:0007ae40       sf_debug_st_terminate_instance 000000018007be40 f   sfc_debug:sfdb_data_browse.obj
 0001:0007b1f0       push_on_to_void_ptr_stack  000000018007c1f0 f   sfc_debug:sfdb_data_browse.obj
 0001:0007b380       pop_from_void_ptr_stack    000000018007c380 f   sfc_debug:sfdb_data_browse.obj
 0001:0007b4b0       sf_debug_st_get_data_value 000000018007c4b0 f   sfc_debug:sfdb_data_browse.obj
 0001:0007ba40       mx_value                   000000018007ca40 f   sfc_debug:sfdb_data_browse.obj
 0001:0007ba80       sf_debug_st_fill_data_struct 000000018007ca80 f   sfc_debug:sfdb_data_browse.obj
 0001:0007bdc0       data_type_format_strings   000000018007cdc0 f   sfc_debug:sfdb_data_browse.obj
 0001:0007be70       sf_debug_st_fill_data      000000018007ce70 f   sfc_debug:sfdb_data_browse.obj
 0001:0007cbc0       sf_debug_hm_get_simulink_handle 000000018007dbc0 f   sfc_debug:sfdb_handle_management.obj
 0001:0007d6c0       sf_debug_hm_initialize_globals 000000018007e6c0 f   sfc_debug:sfdb_handle_management.obj
 0001:0007d7c0       sf_debug_hm_get_machine_debug_flag 000000018007e7c0 f   sfc_debug:sfdb_handle_management.obj
 0001:0007d930       sf_debug_hm_get_machine_id 000000018007e930 f   sfc_debug:sfdb_handle_management.obj
 0001:0007da50       sf_debug_hm_get_chart_id   000000018007ea50 f   sfc_debug:sfdb_handle_management.obj
 0001:0007dbf0       sf_debug_hm_register_executing_SFunction 000000018007ebf0 f   sfc_debug:sfdb_handle_management.obj
 0001:0007df80       sf_debug_hm_form_object_boolean_properties 000000018007ef80 f   sfc_debug:sfdb_handle_management.obj
 0001:0007e250       sf_debug_hm_form_object_properties 000000018007f250 f   sfc_debug:sfdb_handle_management.obj
 0001:0007e490       sf_debug_hm_terminate_charts 000000018007f490 f   sfc_debug:sfdb_handle_management.obj
 0001:0007ebf0       sf_debug_hm_terminate_machines 000000018007fbf0 f   sfc_debug:sfdb_handle_management.obj
 0001:000807f0       sf_debug_ss_copy_dimension 00000001800817f0 f   sfc_debug:sfdb_symbol_scope.obj
 0001:000808b0       sf_debug_ss_get_number_elements 00000001800818b0 f   sfc_debug:sfdb_symbol_scope.obj
 0001:000808d0       sf_debug_ss_fill_data_struct 00000001800818d0 f   sfc_debug:sfdb_symbol_scope.obj
 0001:00080c20       sf_debug_ss_reset_data_info 0000000180081c20 f   sfc_debug:sfdb_symbol_scope.obj
 0001:00080c80       sf_debug_fill_data_info_by_symbol_scope_entry 0000000180081c80 f   sfc_debug:sfdb_symbol_scope.obj
 0001:00080d40       sf_debug_fill_data_info_by_data_vector 0000000180081d40 f   sfc_debug:sfdb_symbol_scope.obj
 0001:00080f90       get_data_info_helper       0000000180081f90 f   sfc_debug:sfdb_symbol_scope.obj
 0001:00081090       sf_debug_ss_get_data_info  0000000180082090 f   sfc_debug:sfdb_symbol_scope.obj
 0001:000812c0       sf_debug_select_mex_function 00000001800822c0 f   sfc_debug:sfdb_symbol_scope.obj
 0001:000812f0       sf_debug_is_dyn_matrix_initialized 00000001800822f0 f   sfc_debug:sfdb_symbol_scope.obj
 0001:00081310       sf_debug_ss_set_data_value_try 0000000180082310 f   sfc_debug:sfdb_symbol_scope.obj
 0001:000814e0       sf_debug_ss_get_data_value 00000001800824e0 f   sfc_debug:sfdb_symbol_scope.obj
 0001:00081c50       sf_debug_ss_data_bytes_string 0000000180082c50 f   sfc_debug:sfdb_symbol_scope.obj
 0001:00081d00       sf_debug_ss_data_class_string 0000000180082d00 f   sfc_debug:sfdb_symbol_scope.obj
 0001:00082090       sf_debug_ss_data_size_string 0000000180083090 f   sfc_debug:sfdb_symbol_scope.obj
 0001:00082170       sf_debug_ss_data_create_data_info_struct 0000000180083170 f   sfc_debug:sfdb_symbol_scope.obj
 0001:00082440       sf_debug_ss_data_create_name_value_pair 0000000180083440 f   sfc_debug:sfdb_symbol_scope.obj
 0001:000824e0       sf_debug_ss_data_get_whos_info 00000001800834e0 f   sfc_debug:sfdb_symbol_scope.obj
 0001:000824f0       same_named_data_in_data_array 00000001800834f0 f   sfc_debug:sfdb_symbol_scope.obj
 0001:00083d80       sf_debug_cc_terminate_chart 0000000180084d80 f   sfc_debug:sfdb_coverage.obj
 0001:00084120       sf_debug_cc_terminate_instance 0000000180085120 f   sfc_debug:sfdb_coverage.obj
 0001:00084d10       sf_debug_cc_mark_object_if_needed 0000000180085d10 f   sfc_debug:sfdb_coverage.obj
 0001:00085610       sf_debug_bm_initialize_eml 0000000180086610 f   sfc_debug:sfdb_breakpoints.obj
 0001:00086750       sf_debug_bm_map_debug_tag_to_breakpoint_tag 0000000180087750 f   sfc_debug:sfdb_breakpoints.obj
 0001:00086830       sf_debug_bm_is_a_eml_breakpoint_impl 0000000180087830 f   sfc_debug:sfdb_breakpoints.obj
 0001:00088370       sf_debug_sc_push_on_error_stack 0000000180089370 f   sfc_debug:sfdb_state_consistency.obj
 0001:000884a0       sf_debug_sc_reset_error_stack 00000001800894a0 f   sfc_debug:sfdb_state_consistency.obj
 0001:00088630       sf_debug_sc_is_state_inconsistent 0000000180089630 f   sfc_debug:sfdb_state_consistency.obj
 0001:00088930       sf_debug_sc_fill_consistency_info 0000000180089930 f   sfc_debug:sfdb_state_consistency.obj
 0001:00088f10       void_assertion_fcn         0000000180089f10 f   sfc_debug:sfdb_call_stack.obj
 0001:00089490       sf_debug_tm_fill_local_trace 000000018008a490 f   sfc_debug:sfdb_call_stack.obj
 0001:00089a60       sf_debug_cd_terminate_instance 000000018008aa60 f   sfc_debug:sfdb_cycle_detection.obj
 0001:00089ac0       sf_debug_cd_free_checksum_stack 000000018008aac0 f   sfc_debug:sfdb_cycle_detection.obj
 0001:00089b10       sf_debug_cd_reset_pack_strings 000000018008ab10 f   sfc_debug:sfdb_cycle_detection.obj
 0001:0008a1d0       md5file_clear              000000018008b1d0 f   sfc_debug:ckmd5.obj
 0001:0008a200       Encode                     000000018008b200 f   sfc_debug:ckmd5.obj
 0001:0008a250       Decode                     000000018008b250 f   sfc_debug:ckmd5.obj
 0001:0008a2f0       MD5Transform               000000018008b2f0 f   sfc_debug:ckmd5.obj
 0001:0008ab40       md5file_addn               000000018008bb40 f   sfc_debug:ckmd5.obj
 0001:0008ac10       md5file_hash               000000018008bc10 f   sfc_debug:ckmd5.obj
 0001:0008b184       pre_c_init                 000000018008c184 f   MSVCRT:crtdll.obj
 0001:0008b440       __DllMainCRTStartup        000000018008c440 f   MSVCRT:crtdll.obj
 0001:0008bae0       __DllMainCRTStartup$filt$0 000000018008cae0 f   MSVCRT:crtdll.obj
 0001:0008bb10       __DllMainCRTStartup$fin$1  000000018008cb10 f   MSVCRT:crtdll.obj
 0001:0008bb2a       _onexit$fin$0              000000018008cb2a f   MSVCRT:atonexit.obj
 0001:0008bb50       _IsNonwritableInCurrentImage$filt$0 000000018008cb50 f   MSVCRT:pesect.obj
